02-26 13:13:30.412 26687 26700 I TestRunner: started: testBackButton(com.example.androiduitesting.MainActivityTest)
02-26 13:13:30.420 26687 26700 W Settings: Setting always_finish_activities has moved from android.provider.Settings.System to android.provider.Settings.Global, returning read-only value.
02-26 13:13:30.424 26687 26700 E ashmem  : Pinning is deprecated since Android Q. Please use trim or other methods.
02-26 13:13:30.439   677  2027 I system_server: AssetManager2(0xb400007332b02198) locale list changing from [] to [en-US]
02-26 13:13:30.441   677  2027 V GrammaticalInflectionUtils: AttributionSource: android.content.AttributionSource@4c638ccf does not have READ_SYSTEM_GRAMMATICAL_GENDER permission.
02-26 13:13:30.485   923  1074 I ndroid.systemui: AssetManager2(0xb400007332a90d18) locale list changing from [] to [en-US]
02-26 13:13:30.491  1070  1070 W SplitSelectStateCtor: Missing session instanceIds
02-26 13:13:30.491  1070  1070 D StatsLog: LAUNCHER_SPLIT_SELECTION_EXIT_INTERRUPTED
02-26 13:13:30.517   590   664 W IPCThreadState: Sending oneway calls to frozen process.
02-26 13:13:30.517   590   664 W IPCThreadState: Sending oneway calls to frozen process.
02-26 13:13:30.517   590   664 W IPCThreadState: Sending oneway calls to frozen process.
02-26 13:13:30.519   500   553 I BpBinder: onLastStrongRef automatically unlinking death recipients:
02-26 13:13:30.525 26687 26687 I ndroiduitesting: AssetManager2(0xb400007332a80698) locale list changing from [] to [en-US]
02-26 13:13:30.531   500   500 I BpBinder: onLastStrongRef automatically unlinking death recipients:
02-26 13:13:30.562 26687 26687 D AppCompatDelegate: Checking for metadata for AppLocalesMetadataHolderService : Service not found
02-26 13:13:30.562 26687 26687 I ndroiduitesting: AssetManager2(0xb400007332a80378) locale list changing from [] to [en-US]
02-26 13:13:30.579 26687 26687 D LifecycleMonitor: Lifecycle status change: com.example.androiduitesting.MainActivity@b00634a in: PRE_ON_CREATE
02-26 13:13:30.579 26687 26687 V ActivityScenario: Activity lifecycle changed event received but ignored because the reported transition was not ON_CREATE while the last known transition was PRE_ON_CREATE
02-26 13:13:30.602 26687 26702 I EGL_emulation: Opening libGLESv1_CM_emulation.so
02-26 13:13:30.602 26687 26687 E ndroiduitesting: Invalid resource ID 0x00000000.
02-26 13:13:30.602 26687 26702 I EGL_emulation: Opening libGLESv2_emulation.so
02-26 13:13:30.610 26687 26702 W HWUI    : Failed to choose config with EGL_SWAP_BEHAVIOR_PRESERVED, retrying without...
02-26 13:13:30.610 26687 26702 W HWUI    : Failed to initialize 101010-2 format, error = EGL_SUCCESS
02-26 13:13:30.611 26687 26687 D DesktopModeFlags: Toggle override initialized to: OVERRIDE_UNSET
02-26 13:13:30.633 26687 26687 I ndroiduitesting: hiddenapi: Accessing hidden method Landroid/view/ViewGroup;->makeOptionalFitsSystemWindows()V (runtime_flags=0, domain=platform, api=unsupported) from Landroidx/appcompat/widget/ViewUtils; (domain=app) using reflection: allowed
02-26 13:13:30.649 26687 26687 D CompatChangeReporter: Compat change id reported: 210923482; UID 10231; state: ENABLED
02-26 13:13:30.694 26687 26687 W HWUI    : Image decoding logging dropped!
02-26 13:13:30.702 26687 26687 W HWUI    : Image decoding logging dropped!
02-26 13:13:30.703 26687 26687 W HWUI    : Image decoding logging dropped!
02-26 13:13:30.743 26687 26687 D LifecycleMonitor: Lifecycle status change: com.example.androiduitesting.MainActivity@b00634a in: CREATED
02-26 13:13:30.743 26687 26687 V ActivityScenario: Update currentActivityStage to CREATED, currentActivity=com.example.androiduitesting.MainActivity@b00634a
02-26 13:13:30.745 26687 26687 D LifecycleMonitor: Lifecycle status change: com.example.androiduitesting.MainActivity@b00634a in: STARTED
02-26 13:13:30.746 26687 26687 V ActivityScenario: Update currentActivityStage to STARTED, currentActivity=com.example.androiduitesting.MainActivity@b00634a
02-26 13:13:30.749 26687 26687 D LifecycleMonitor: Lifecycle status change: com.example.androiduitesting.MainActivity@b00634a in: RESUMED
02-26 13:13:30.749 26687 26687 V ActivityScenario: Update currentActivityStage to RESUMED, currentActivity=com.example.androiduitesting.MainActivity@b00634a
02-26 13:13:30.764 26687 26687 W HWUI    : Unknown dataspace 0
02-26 13:13:30.817   500   553 W ServiceManagerCppClient: Permission failure: android.permission.ACCESS_SURFACE_FLINGER from uid=10231 pid=0
02-26 13:13:30.818   500   553 D PermissionCache: checking android.permission.ACCESS_SURFACE_FLINGER for uid=10231 => denied (167 us)
02-26 13:13:30.818   500   553 W ServiceManagerCppClient: Permission failure: android.permission.ROTATE_SURFACE_FLINGER from uid=10231 pid=0
02-26 13:13:30.818   500   553 D PermissionCache: checking android.permission.ROTATE_SURFACE_FLINGER for uid=10231 => denied (905 us)
02-26 13:13:30.818   500   646 W ServiceManagerCppClient: Permission failure: android.permission.ROTATE_SURFACE_FLINGER from uid=10231 pid=26687
02-26 13:13:30.818   500   646 D PermissionCache: checking android.permission.ROTATE_SURFACE_FLINGER for uid=10231 => denied (497 us)
02-26 13:13:30.819   500   646 W ServiceManagerCppClient: Permission failure: android.permission.INTERNAL_SYSTEM_WINDOW from uid=10231 pid=26687
02-26 13:13:30.819   500   646 D PermissionCache: checking android.permission.INTERNAL_SYSTEM_WINDOW for uid=10231 => denied (738 us)
02-26 13:13:30.820   500   553 W ServiceManagerCppClient: Permission failure: android.permission.INTERNAL_SYSTEM_WINDOW from uid=10231 pid=0
02-26 13:13:30.820   500   553 D PermissionCache: checking android.permission.INTERNAL_SYSTEM_WINDOW for uid=10231 => denied (1122 us)
02-26 13:13:30.870  1070  1070 D VRI[NexusLauncherActivity]: visibilityChanged oldVisibility=true newVisibility=false
02-26 13:13:30.881  1070  1070 D NexusLauncherModelDelegate: notifySmartspaceEvent: SmartspaceTargetEvent{mSmartspaceTarget=null, mSmartspaceActionId='null', mEventType=7}
02-26 13:13:30.894   677  1925 W ServiceManagerCppClient: Permission failure: android.permission.ACCESS_SURFACE_FLINGER from uid=10231 pid=0
02-26 13:13:30.894   677  1925 D PermissionCache: checking android.permission.ACCESS_SURFACE_FLINGER for uid=10231 => denied (75 us)
02-26 13:13:30.894   677  1925 W ServiceManagerCppClient: Permission failure: android.permission.ROTATE_SURFACE_FLINGER from uid=10231 pid=0
02-26 13:13:30.894   677  1925 D PermissionCache: checking android.permission.ROTATE_SURFACE_FLINGER for uid=10231 => denied (11 us)
02-26 13:13:30.894   677  1925 W ServiceManagerCppClient: Permission failure: android.permission.INTERNAL_SYSTEM_WINDOW from uid=10231 pid=0
02-26 13:13:30.894   677  1925 D PermissionCache: checking android.permission.INTERNAL_SYSTEM_WINDOW for uid=10231 => denied (5 us)
02-26 13:13:30.909   677   696 I ActivityTaskManager: Displayed com.example.androiduitesting/.MainActivity for user 0: +472ms
02-26 13:13:30.913  1070  1070 D BaseDepthController: setSurface:
02-26 13:13:30.913  1070  1070 D BaseDepthController: 	mWaitingOnSurfaceValidity: false
02-26 13:13:30.913  1070  1070 D BaseDepthController: 	mBaseSurface: null
02-26 13:13:30.913  1070  1070 D BaseDepthController: mSurface is null and mCurrentBlur is: 23
02-26 13:13:30.914  1070  1070 D StatsLog: LAUNCHER_ONSTOP
02-26 13:13:30.915  1070  2303 D GmsPlayProvider: Forcefully shut down the binder channel
02-26 13:13:30.920  1070  1070 D StatsLog: LAUNCHER_GOOGLE_SEARCH_RESTORE_LIST_SIZE_AFTER_ACTIVITY_RESTART
02-26 13:13:30.924   677   795 I ImeTracker: com.example.androiduitesting:4b72224f: onRequestHide at ORIGIN_SERVER reason HIDE_UNSPECIFIED_WINDOW fromUser false
02-26 13:13:30.927 26687 26687 D InsetsController: hide(ime(), fromIme=false)
02-26 13:13:30.928 26687 26687 I ImeTracker: com.example.androiduitesting:4b72224f: onCancelled at PHASE_CLIENT_ALREADY_HIDDEN
02-26 13:13:30.941   677  1642 I ImeTracker: system_server:2471f112: onRequestHide at ORIGIN_SERVER reason IME_REQUESTED_CHANGED_LISTENER fromUser false
02-26 13:13:30.942  1436  1436 I GoogleInputMethodService: GoogleInputMethodService.onFinishInput():2092
02-26 13:13:30.942   677   699 I ImeTracker: system_server:2471f112: onCancelled at PHASE_SERVER_SHOULD_HIDE
02-26 13:13:30.953  1436  1436 I Module  : DeviceLockedStatusModuleProvider$Module.updateDeviceLockedStatus():103 repeatCheckTimes = 0, locked = false
02-26 13:13:30.959  1436  1436 I GoogleInputMethodService: GoogleInputMethodService.onStartInput():1349 onStartInput(EditorInfo{EditorInfo{packageName=com.example.androiduitesting, inputType=0, inputTypeString=NULL, enableLearning=false, autoCorrection=false, autoComplete=false, imeOptions=0, privateImeOptions=null, actionName=UNSPECIFIED, actionLabel=null, initialSelStart=-1, initialSelEnd=-1, initialCapsMode=0, label=null, fieldId=0, fieldName=null, extras=null, hintText=null, hintLocales=[]}}, false)
02-26 13:13:30.960  1070  1080 W System  : A resource failed to call release.
02-26 13:13:30.960  1070  1080 W System  : A resource failed to call release.
02-26 13:13:30.960  1070  1080 W System  : A resource failed to call release.
02-26 13:13:30.961  1436  1436 I Module  : DeviceLockedStatusModuleProvider$Module.updateDeviceLockedStatus():103 repeatCheckTimes = 1, locked = false
02-26 13:13:31.054 26687 26691 I ndroiduitesting: Compiler allocated 5111KB to compile void android.view.ViewRootImpl.performTraversals()
02-26 13:13:31.185   590   664 W IPCThreadState: Sending oneway calls to frozen process.
02-26 13:13:31.186   590   664 W IPCThreadState: Sending oneway calls to frozen process.
02-26 13:13:31.187   590   664 W IPCThreadState: Sending oneway calls to frozen process.
02-26 13:13:31.187   923  1074 W WindowOnBackDispatcher: sendCancelIfRunning: isInProgress=false callback=android.view.ViewRootImpl$$ExternalSyntheticLambda13@20b959d
02-26 13:13:31.267  1224  2141 I FontLog : (REDACTED) Received query %s, URI %s
02-26 13:13:31.270  1224  2141 I FontLog : (REDACTED) Query [%s] resolved to %s
02-26 13:13:31.289  1224  2141 I FontLog : (REDACTED) Fetch %s end status %s
02-26 13:13:31.305  1224  2141 I FontLog : (REDACTED) Pulling font file for id = %d, cache size = %d
02-26 13:13:31.312  1224  2141 I FontLog : (REDACTED) Pulling font file for id = %d, cache size = %d
02-26 13:13:31.394 26687 26700 E AndroidXTracer: enableTracing failed. You may need to upgrade your androidx.tracing:tracing version
02-26 13:13:31.394 26687 26700 E AndroidXTracer: java.lang.NoSuchMethodError: No static method forceEnableAppTracing()V in class Landroidx/tracing/Trace; or its super classes (declaration of 'androidx.tracing.Trace' appears in /data/app/~~EY0LzY5HH-YHb160YzPytw==/com.example.androiduitesting-MQDof9kLfcKJ7rYnS_ouUQ==/base.apk)
02-26 13:13:31.394 26687 26700 E AndroidXTracer: 	at androidx.test.platform.tracing.AndroidXTracer.enableTracing(AndroidXTracer.java:57)
02-26 13:13:31.394 26687 26700 E AndroidXTracer: 	at androidx.test.platform.tracing.Tracing.<init>(Tracing.java:53)
02-26 13:13:31.394 26687 26700 E AndroidXTracer: 	at androidx.test.platform.tracing.Tracing.<clinit>(Tracing.java:49)
02-26 13:13:31.394 26687 26700 E AndroidXTracer: 	at androidx.test.espresso.base.BaseLayerModule.providesTracing(BaseLayerModule.java:190)
02-26 13:13:31.394 26687 26700 E AndroidXTracer: 	at androidx.test.espresso.base.BaseLayerModule_ProvidesTracingFactory.providesTracing(BaseLayerModule_ProvidesTracingFactory.java:41)
02-26 13:13:31.394 26687 26700 E AndroidXTracer: 	at androidx.test.espresso.base.BaseLayerModule_ProvidesTracingFactory.get(BaseLayerModule_ProvidesTracingFactory.java:33)
02-26 13:13:31.394 26687 26700 E AndroidXTracer: 	at androidx.test.espresso.base.BaseLayerModule_ProvidesTracingFactory.get(BaseLayerModule_ProvidesTracingFactory.java:11)
02-26 13:13:31.394 26687 26700 E AndroidXTracer: 	at androidx.test.espresso.core.internal.deps.dagger.internal.DoubleCheck.get(DoubleCheck.java:47)
02-26 13:13:31.394 26687 26700 E AndroidXTracer: 	at androidx.test.espresso.base.IdlingResourceRegistry_Factory.get(IdlingResourceRegistry_Factory.java:38)
02-26 13:13:31.394 26687 26700 E AndroidXTracer: 	at androidx.test.espresso.base.IdlingResourceRegistry_Factory.get(IdlingResourceRegistry_Factory.java:12)
02-26 13:13:31.394 26687 26700 E AndroidXTracer: 	at androidx.test.espresso.core.internal.deps.dagger.internal.DoubleCheck.get(DoubleCheck.java:47)
02-26 13:13:31.394 26687 26700 E AndroidXTracer: 	at androidx.test.espresso.DaggerBaseLayerComponent$BaseLayerComponentImpl.idlingResourceRegistry(DaggerBaseLayerComponent.java:279)
02-26 13:13:31.394 26687 26700 E AndroidXTracer: 	at androidx.test.espresso.Espresso.<clinit>(Espresso.java:64)
02-26 13:13:31.394 26687 26700 E AndroidXTracer: 	at com.example.androiduitesting.MainActivityTest.testBackButton(MainActivityTest.java:98)
02-26 13:13:31.394 26687 26700 E AndroidXTracer: 	at java.lang.reflect.Method.invoke(Native Method)
02-26 13:13:31.394 26687 26700 E AndroidXTracer: 	at org.junit.runners.model.FrameworkMethod$1.runReflectiveCall(FrameworkMethod.java:59)
02-26 13:13:31.394 26687 26700 E AndroidXTracer: 	at org.junit.internal.runners.model.ReflectiveCallable.run(ReflectiveCallable.java:12)
02-26 13:13:31.394 26687 26700 E AndroidXTracer: 	at org.junit.runners.model.FrameworkMethod.invokeExplosively(FrameworkMethod.java:56)
02-26 13:13:31.394 26687 26700 E AndroidXTracer: 	at org.junit.internal.runners.statements.InvokeMethod.evaluate(InvokeMethod.java:17)
02-26 13:13:31.394 26687 26700 E AndroidXTracer: 	at org.junit.rules.ExternalResource$1.evaluate(ExternalResource.java:54)
02-26 13:13:31.394 26687 26700 E AndroidXTracer: 	at org.junit.runners.ParentRunner$3.evaluate(ParentRunner.java:306)
02-26 13:13:31.394 26687 26700 E AndroidXTracer: 	at org.junit.runners.BlockJUnit4ClassRunner$1.evaluate(BlockJUnit4ClassRunner.java:100)
02-26 13:13:31.394 26687 26700 E AndroidXTracer: 	at org.junit.runners.ParentRunner.runLeaf(ParentRunner.java:366)
02-26 13:13:31.394 26687 26700 E AndroidXTracer: 	at org.junit.runners.BlockJUnit4ClassRunner.runChild(BlockJUnit4ClassRunner.java:103)
02-26 13:13:31.394 26687 26700 E AndroidXTracer: 	at org.junit.runners.BlockJUnit4ClassRunner.runChild(BlockJUnit4ClassRunner.java:63)
02-26 13:13:31.394 26687 26700 E AndroidXTracer: 	at org.junit.runners.ParentRunner$4.run(ParentRunner.java:331)
02-26 13:13:31.394 26687 26700 E AndroidXTracer: 	at org.junit.runners.ParentRunner$1.schedule(ParentRunner.java:79)
02-26 13:13:31.394 26687 26700 E AndroidXTracer: 	at org.junit.runners.ParentRunner.runChildren(ParentRunner.java:329)
02-26 13:13:31.394 26687 26700 E AndroidXTracer: 	at org.junit.runners.ParentRunner.access$100(ParentRunner.java:66)
02-26 13:13:31.394 26687 26700 E AndroidXTracer: 	at org.junit.runners.ParentRunner$2.evaluate(ParentRunner.java:293)
02-26 13:13:31.394 26687 26700 E AndroidXTracer: 	at org.junit.runners.ParentRunner$3.evaluate(ParentRunner.java:306)
02-26 13:13:31.394 26687 26700 E AndroidXTracer: 	at org.junit.runners.ParentRunner.run(ParentRunner.java:413)
02-26 13:13:31.394 26687 26700 E AndroidXTracer: 	at androidx.test.ext.junit.runners.AndroidJUnit4.run(AndroidJUnit4.java:162)
02-26 13:13:31.394 26687 26700 E AndroidXTracer: 	at org.junit.runners.Suite.runChild(Suite.java:128)
02-26 13:13:31.394 26687 26700 E AndroidXTracer: 	at org.junit.runners.Suite.runChild(Suite.java:27)
02-26 13:13:31.394 26687 26700 E AndroidXTracer: 	at org.junit.runners.ParentRunner$4.run(ParentRunner.java:331)
02-26 13:13:31.394 26687 26700 E AndroidXTracer: 	at org.junit.runners.ParentRunner$1.schedule(ParentRunner.java:79)
02-26 13:13:31.394 26687 26700 E AndroidXTracer: 	at org.junit.runners.ParentRunner.runChildren(ParentRunner.java:329)
02-26 13:13:31.394 26687 26700 E AndroidXTracer: 	at org.junit.runners.ParentRunner.access$100(ParentRunner.java:66)
02-26 13:13:31.394 26687 26700 E AndroidXTracer: 	at org.junit.runners.ParentRunner$2.evaluate(ParentRunner.java:293)
02-26 13:13:31.394 26687 26700 E AndroidXTracer: 	at org.junit.runners.ParentRunner$3.evaluate(ParentRunner.java:306)
02-26 13:13:31.394 26687 26700 E AndroidXTracer: 	at org.junit.runners.ParentRunner.run(ParentRunner.java:413)
02-26 13:13:31.394 26687 26700 E AndroidXTracer: 	at org.junit.runner.JUnitCore.run(JUnitCore.java:137)
02-26 13:13:31.394 26687 26700 E AndroidXTracer: 	at org.junit.runner.JUnitCore.run(JUnitCore.java:115)
02-26 13:13:31.394 26687 26700 E AndroidXTracer: 	at androidx.test.internal.runner.TestExecutor.execute(TestExecutor.java:68)
02-26 13:13:31.394 26687 26700 E AndroidXTracer: 	at androidx.test.internal.runner.TestExecutor.execute(TestExecutor.java:59)
02-26 13:13:31.394 26687 26700 E AndroidXTracer: 	at androidx.test.runner.AndroidJUnitRunner.onStart(AndroidJUnitRunner.java:467)
02-26 13:13:31.394 26687 26700 E AndroidXTracer: 	at android.app.Instrumentation$InstrumentationThread.run(Instrumentation.java:2597)
02-26 13:13:31.395 26687 26700 I Tracing : Tracer added: class androidx.test.platform.tracing.AndroidXTracer
02-26 13:13:31.408 26687 26700 I ndroiduitesting: hiddenapi: Accessing hidden method Landroid/view/ViewConfiguration;->getDoubleTapMinTime()I (runtime_flags=0, domain=platform, api=unsupported) from Landroidx/test/espresso/action/Tap; (domain=app) using reflection: allowed
02-26 13:13:31.417 26687 26687 I ViewInteraction: Performing 'single click' action on view view.getId() is <2131230827/com.example.androiduitesting:id/button_add>
02-26 13:13:31.427 26687 26715 I ndroiduitesting: hiddenapi: Accessing hidden method Landroid/hardware/input/InputManager;->injectInputEvent(Landroid/view/InputEvent;I)Z (runtime_flags=0, domain=platform, api=unsupported) from Landroidx/test/internal/platform/reflect/ReflectiveMethod; (domain=app) using reflection: allowed
02-26 13:13:31.507   677  1925 W AS.PlaybackActivityMon: No piid assigned for invalid/internal port id 15
02-26 13:13:31.735 26687 26687 I ViewInteraction: Performing 'type text(Toronto)' action on view view.getId() is <2131230904/com.example.androiduitesting:id/editText_name>
02-26 13:13:31.795 26687 26687 I AutofillManager: showAutofillDialog() return false due to improve fill dialog
02-26 13:13:31.796 26687 26687 I ImeTracker: com.example.androiduitesting:48e2c34e: onRequestShow at ORIGIN_CLIENT reason SHOW_SOFT_INPUT fromUser true
02-26 13:13:31.797 26687 26687 D InsetsController: show(ime(), fromIme=false)
02-26 13:13:31.801  1436  1436 I GoogleInputMethodService: GoogleInputMethodService.onFinishInput():2092
02-26 13:13:31.801  1436  1436 I Module  : DeviceLockedStatusModuleProvider$Module.updateDeviceLockedStatus():103 repeatCheckTimes = 0, locked = false
02-26 13:13:31.807  1436  1436 W TooltipLifecycleManager: TooltipLifecycleManager.dismissTooltips():153 Tooltip with id SUGGESTION_VIEW_EDU_MINI_DIALOG not found in tooltipManager.
02-26 13:13:31.809 26687 26687 I AssistStructure: Flattened final assist data: 1692 bytes, containing 1 windows, 9 views
02-26 13:13:31.821  1436  1436 I GoogleInputMethodService: GoogleInputMethodService.onStartInput():1349 onStartInput(EditorInfo{EditorInfo{packageName=com.example.androiduitesting, inputType=2001, inputTypeString=Normal[CapWords], enableLearning=false, autoCorrection=true, autoComplete=true, imeOptions=6, privateImeOptions=null, actionName=DONE, actionLabel=null, initialSelStart=0, initialSelEnd=0, initialCapsMode=2000, label=null, fieldId=2131230904, fieldName=null, extras=Bundle[mParcelledData.dataSize=404], hintText=non-empty, hintLocales=[]}}, false)
02-26 13:13:31.826  1436  1436 I Module  : DeviceLockedStatusModuleProvider$Module.updateDeviceLockedStatus():103 repeatCheckTimes = 1, locked = false
02-26 13:13:31.832  1436  1436 I StylusModule: StylusModule.onUpdateToolType():799 Update tool type = 2
02-26 13:13:31.836  1436  1436 I GoogleInputMethodService: GoogleInputMethodService.onStartInputView():1447 onStartInputView(EditorInfo{EditorInfo{packageName=com.example.androiduitesting, inputType=2001, inputTypeString=Normal[CapWords], enableLearning=false, autoCorrection=true, autoComplete=true, imeOptions=6, privateImeOptions=null, actionName=DONE, actionLabel=null, initialSelStart=0, initialSelEnd=0, initialCapsMode=2000, label=null, fieldId=2131230904, fieldName=null, extras=Bundle[{android.support.text.emoji.emojiCompat_metadataVersion=10, androidx.core.view.inputmethod.EditorInfoCompat.STYLUS_HANDWRITING_ENABLED=true, android.support.text.emoji.emojiCompat_replaceAll=false}], hintText=non-empty, hintLocales=[]}}, false)
02-26 13:13:31.839  1436  1436 I KeyboardHeightUtil: KeyboardHeightUtil.getOemKeyboardHeightRatio():81 systemKeyboardHeightRatio:1.000000.
02-26 13:13:31.843  1436  1436 I AndroidIME: InputBundleManager.loadActiveInputBundleId():528 loadActiveInputBundleId: en-US, ime_english_united_states
02-26 13:13:31.844  1436  1436 I AndroidIME: AbstractIme.onActivate():95 LatinIme.onActivate() : EditorInfo = EditorInfo{packageName=com.example.androiduitesting, inputType=2001, inputTypeString=Normal[CapWords], enableLearning=false, autoCorrection=true, autoComplete=true, imeOptions=6, privateImeOptions=null, actionName=DONE, actionLabel=null, initialSelStart=0, initialSelEnd=0, initialCapsMode=2000, label=null, fieldId=2131230904, fieldName=null, extras=Bundle[{android.support.text.emoji.emojiCompat_metadataVersion=10, androidx.core.view.inputmethod.EditorInfoCompat.STYLUS_HANDWRITING_ENABLED=true, android.support.text.emoji.emojiCompat_replaceAll=false}], hintText=non-empty, hintLocales=[]}, IncognitoMode = false, DeviceLocked = false
02-26 13:13:31.850  1436  1436 I InputBundle: InputBundle.consumeEvent():1033 Skip consuming an event as keyboard status is INACTIVE
02-26 13:13:31.855  1436  1436 I Delight5Facilitator: Delight5Facilitator.initializeForIme():745 initializeForIme() : Locale = [en_US], layout = qwerty
02-26 13:13:31.879  1436  1436 I LatinIme: LatinIme.updateEnableInlineSuggestionsOnDecoderSideFlags():1241 inline flag updated to:false
02-26 13:13:31.888  1436  1436 I LatinIme: LatinIme.updateEnableInlineSuggestionsOnDecoderSideFlags():1241 inline flag updated to:false
02-26 13:13:31.914  1436  1436 I InputBundle: InputBundle.consumeEvent():1033 Skip consuming an event as keyboard status is INACTIVE
02-26 13:13:31.914  1436  1436 I LatinIme: LatinIme.resetInputContext():2247 resetInputContext(): reason=1, externalEditsInfo=ExternalEditsInfo{action=0, offset=-1, text=null, originalText=null, edits=null}
02-26 13:13:31.914  1436  1436 I InputBundle: InputBundle.consumeEvent():1033 Skip consuming an event as keyboard status is INACTIVE
02-26 13:13:31.920  1436  1436 I KeyboardWrapper: KeyboardWrapper.activateKeyboard():582 activateKeyboard(): type=prime, status=INACTIVE, imeDef=nch{stringId=ime_english_united_states, language=en-US, languageTag=en-US, processedConditions={writing_helper_enable_by_word_revert=false, true=true, enable_number_row=false, device=phone, enable_pk_simulator=false}, className=com.google.android.apps.inputmethod.libs.latin5.LatinIme, label=0, keyEventInterpreter=null, inlineComposing=true, autoCapital=true, announceAutoSelectedCandidate=true, statusIcon=0, indicatorIcon=0, indicatorLabel=US, displayAppCompletions=true, extraValues=nca{#0x7f0b02dd=TypedValue{t=0x3/d=0x0 "com.google.android.apps.inputmethod.libs.latin5.LatinIme"}}, processors=nea@b492b10, unacceptableMetaKeys=4098, languageSpecificSettings=0, asciiCapable=true, alwaysShowSuggestions=false, useAsciiPasswordKeyboard=false, keyboardGroupDef=ndj@9dcebb1, phenotypeFlagId=0, localizationLanguageTag=null, supportsInlineSuggestion=true}
02-26 13:13:31.920  1436  1436 I KeyboardManager: KeyboardManager.requestKeyboard():249 Creating keyboard prime, imeId=ime_english_united_states, cacheKey=theme,!gsf,!pgsans,!pgsf,!use_system_font,BORDER,EXPRESSION_PAPERCUTS_V2,FLAVOR_DPI=XXHDPI,IS_LIGHT,KEYBOARD_WIDTH_CATEGORY=NORMAL,KEY_BORDER_SHAPE=1,LIGHT_THEME=true,PHYSICAL_DIAGONAL=6.0111027,POPUP,SCREEN_SHORTEST_WIDTH=411,SCREEN_SHORTEST_WIDTH_NO_SCALE=411,SW400DP,XXHDPI,bottom4dp,enable_popup_on_keypress=true,keyboard_redesign_google_sans=true,non_linear_scale,noshadow,overlay_builtin_dynamic_color_light_base.binarypb:gm3-light-fffaf8ff-ff475d92-87d434d32166529e119fd721558bc641,silkpopup,use_expression_papercuts_v2_colors=true
02-26 13:13:31.922  1436  1436 I KeyboardWrapper: KeyboardWrapper.onKeyboardReady():224 onKeyboardReady(): type=prime(prime), kb=com.google.android.apps.inputmethod.latin.keyboard.LatinPrimeKeyboard@d433c17
02-26 13:13:31.922  1436  1436 I KeyboardWrapper: KeyboardWrapper.doActivateKeyboard():612 doActivateKeyboard(): prime
02-26 13:13:31.960  1436  1436 I BaseKeyboardSizeHelper: BaseKeyboardSizeHelper.calculateMaxKeyboardBodyHeight():73 leave 281 height for app when ime window height:2156, header height:116 and isFullscreenMode:false, so the max keyboard body height is:1759
02-26 13:13:31.960  1436  1436 W TooltipLifecycleManager: TooltipLifecycleManager.dismissTooltips():153 Tooltip with id undo_access_point_promotion_banner not found in tooltipManager.
02-26 13:13:31.964  1436  1436 I KeyboardModeUtils: KeyboardModeUtils.getKeyboardBottomOffset():435 inch: 0.000000 ydpi: 420.000000 adjustKeyboardBottomByDisplaySize: false currentDensityDpi: 420 defaultDensityDpi: 420 keyboardBottomToScreenPx: 0 keyboardBottomToNavBarPx: -126 navBarHeight: 126
02-26 13:13:31.965  1436  1436 I BaseKeyboardSizeHelper: BaseKeyboardSizeHelper.calculateMaxKeyboardBodyHeight():73 leave 281 height for app when ime window height:2156, header height:116 and isFullscreenMode:false, so the max keyboard body height is:1759
02-26 13:13:31.965  1436  1436 I BaseKeyboardSizeHelper: BaseKeyboardSizeHelper.calculateMaxKeyboardBodyHeight():73 leave 281 height for app when ime window height:2156, header height:116 and isFullscreenMode:false, so the max keyboard body height is:1759
02-26 13:13:31.965  1436  1436 I BaseKeyboardSizeHelper: BaseKeyboardSizeHelper.calculateMaxKeyboardBodyHeight():73 leave 281 height for app when ime window height:2156, header height:116 and isFullscreenMode:false, so the max keyboard body height is:1759
02-26 13:13:31.965  1436  1436 I BaseKeyboardSizeHelper: BaseKeyboardSizeHelper.calculateMaxKeyboardBodyHeight():73 leave 281 height for app when ime window height:2156, header height:116 and isFullscreenMode:false, so the max keyboard body height is:1759
02-26 13:13:31.965  1436  1436 I GlobeKeyExtension: GlobeKeyExtension.getKeyboardInitialStates():175
02-26 13:13:31.972  1092  1092 V InlineSuggestionRenderService: handleDestroySuggestionViews called for 0:1151180242
02-26 13:13:31.972  1436  1436 W Keyboard: Keyboard.getKeyboardViewHelper():604 null helper is returned: keyboardDef=ndb{processedConditions={show_comma_key=true, enable_more_candidates_view_for_multilingual=false, layout_9key_split=false, enable_secondary_symbols=false, pref_enable_flick_symbols=false, language=en-US, deprecate_long_press_space_for_ime_picker=false, expressions=normal, android_software_xr_api_spatial=false, variant=qwerty, show_period_key=true, device=phone, keyboard_mode=normal, show_secondary_digits=true, enable_preemptive_decode=true, enable_pk_simulator=false}, globalConditions={global_theme_key=theme,!gsf,!pgsans,!pgsf,!use_system_font,BORDER,EXPRESSION_PAPERCUTS_V2,FLAVOR_DPI=XXHDPI,IS_LIGHT,KEYBOARD_WIDTH_CATEGORY=NORMAL,KEY_BORDER_SHAPE=1,LIGHT_THEME=true,PHYSICAL_DIAGONAL=6.0111027,POPUP,SCREEN_SHORTEST_WIDTH=411,SCREEN_SHORTEST_WIDTH_NO_SCALE=411,SW400DP,XXHDPI,bottom4dp,enable_popup_on_keypress=true,keyboard_redesign_google_sans=true,non_linear_scale,noshadow,overlay_builtin_dynamic_color_light_base.binarypb:gm3-light-fffaf8ff-ff475d92-87d434d32166529e119fd721558bc641,silkpopup,use_expression_papercuts_v2_colors=true, global_locale=en_US, global_density_dpi=420, global_orientation=1}, className=.latin.keyboard.LatinPrimeKeyboard, resourceIds=[#0x7f1705ff, #0x7f170891], initialStates=0, keyboardViewDefs=[ndr{direction=null, id=#0x7f0b0227, isScalable=true, layoutId=#0x7f0e0378, type=BODY, touchable=true, defaultShow=true}, ndr{direction=null, id=#0x7f0b0227, isScalable=false, layoutId=#0x7f0e020e, type=FLOATING_CANDIDATES, touchable=false, defaultShow=false}, ndr{direction=LOCALE, id=#0x7f0b0227, isScalable=false, layoutId=#0x7f0e0514, type=HEADER, touchable=true, defaultShow=true}], persistentStates=0, persistentStatesPrefKey=null, popupBubbleLayoutId=#0x7f0e0602, recentKeyLayoutId=#0x0, recentKeyPopupLayoutId=#0x0, recentKeyType=null, rememberRecentKey=NONE, sessionStates=17592186044419}, type=WIDGET, helpersCreated={HEADER=mpl@5605dba, BODY=mpl@e72c46b, FLOATING_CANDIDATES=mpl@4786bc8}, context.getResources().getConfiguration(): {1.0 310mcc260mnc [en_US] ldltr sw411dp w411dp h923dp 420dpi nrml long port finger qwerty/v/v dpad/v winConfig={ mBounds=Rect(0, 0 - 1080, 2424) mAppBounds=Rect(0, 0 - 1080, 2424) mMaxBounds=Rect(0, 0 - 1080, 2424) mDisplayRotation=ROTATION_0 mWindowingMode=fullscreen mActivityType=undefined mAlwaysOnTop=undefined mRotation=ROTATION_0} as.4 s.34 fontWeightAdjustment=0}
02-26 13:13:31.974  1436  1436 I BaseKeyboardSizeHelper: BaseKeyboardSizeHelper.calculateMaxKeyboardBodyHeight():73 leave 281 height for app when ime window height:2156, header height:116 and isFullscreenMode:false, so the max keyboard body height is:1759
02-26 13:13:31.986  1436  1436 I AndroidIME: InputBundleManager.startInput():358 startInput() with ndn[keyboardType=prime, payload=null]
02-26 13:13:31.987  1436  1436 I GlobeKeyExtension: GlobeKeyExtension.onActivate():120
02-26 13:13:31.989  1436  1436 I HardKeyTracker: HardKeyTracker.unregisterKeySequence():221 Unregister key sequence nys{labelResId=2132020505, callback=ctw@842baf5, lastModifier=2, keyCodes=[56], actions=[0]}
02-26 13:13:31.989  1436  1436 I HardKeyTracker: HardKeyTracker.unregisterKeySequence():221 Unregister key sequence nys{labelResId=2132020505, callback=ctw@7de708a, lastModifier=0, keyCodes=[317], actions=[0]}
02-26 13:13:31.989  1436  1436 I HardKeyTracker: HardKeyTracker.registerKeySequence():170 Register key sequence nys{labelResId=2132020505, callback=ctw@4b01c51, lastModifier=2, keyCodes=[56], actions=[0]}
02-26 13:13:31.989  1436  1436 I HardKeyTracker: HardKeyTracker.registerKeySequence():170 Register key sequence nys{labelResId=2132020505, callback=ctw@f42ecb6, lastModifier=0, keyCodes=[317], actions=[0]}
02-26 13:13:31.991  1436  1436 I VoiceInputManagerWrapper: VoiceInputManagerWrapper.cancelShutdown():109 cancelShutdown()
02-26 13:13:31.991  1436  1436 I VoiceInputManagerWrapper: VoiceInputManagerWrapper.syncLanguagePacks():121 syncLanguagePacks()
02-26 13:13:31.991  1436  5813 I SpeechFactory: SpeechRecognitionFactory.maybeScheduleAutoPackDownloadForFallback():217 maybeScheduleAutoPackDownloadForFallback()
02-26 13:13:31.991  1436  5813 I FallbackOnDeviceRecognitionProvider: FallbackOnDeviceRecognitionProvider.maybeScheduleAutoPackDownload():205 maybeScheduleAutoPackDownload() for language tag en-US
02-26 13:13:31.992  1436  1436 I VoiceInputManager: VoiceInputManager.onKeyboardActivated():1213 onKeyboardActivated() [UD]
02-26 13:13:31.993  1436  1436 I PkModeUpdater: PkModeUpdater.onActivate():74 onActivate false false
02-26 13:13:31.993  1436  1436 I PkModeUpdater: PkModeUpdater.onActivate():76 disable Pk Mode = true entry = mje{languageTag=en-US, variant=qwerty, hasLocalizedResources=true, conditionCacheKey=_android_software_xr_api_spatial=false_app_first_start_timestamp=1767738033820_cache_additional_ime_defs_for_condition_change=false_cache_ime_defs_for_condition_change=false_deprecate_long_press_space_for_ime_picker=false_device=phone_device_size=default_enable_content_suggestion_scroll_away_in_medium=true_enable_content_suggestion_scroll_away_in_small=true_enable_more_candidates_view_for_multilingual=false_enable_number_row=false_enable_number_row_in_password=true_enable_pk_simulator=false_enable_pk_simulator_setting=false_enable_preemptive_decode=true_enable_scrub_move=true_enable_secondary_digits=true_enable_secondary_symbols=false_expressions=normal_four_or_more_letter_rows=false_keyboard_mode=normal_language=en-US_layout_9key_split=false_orientation=portrait_physical_keyboard=qwerty_pk_simulator_vk_ready=false_pref_enable_flick_symbols=false_rtl_layout=false_show_comma_key=true_show_period_key=true_show_secondary_digits=true_show_suggestion_strip=true_show_suggestions=true_split_with_duplicate_keys=true_true=true_variant=qwerty_writing_helper_enable_by_word_revert=false, imeDef.stringId=ime_english_united_states, imeDef.className=com.google.android.apps.inputmethod.libs.latin5.LatinIme, imeDef.languageTag=en-US} editorInfo = android.view.inputmethod.EditorInfo@fe0a924
02-26 13:13:31.993  1436  1436 I AccessoryInputModeManager: AccessoryInputModeManager.onModeStarted():321 Accessory input mode started: null
02-26 13:13:31.995  1436  1436 W SupplementaryKeyboardsWrapper: SupplementaryKeyboardsWrapper.deactivateKeyboard():162 keyboard accessory_candidates_consumer is not activated before!
02-26 13:13:31.998  1436  1436 I KeyboardModeUtils: KeyboardModeUtils.getKeyboardBottomOffset():435 inch: 0.000000 ydpi: 420.000000 adjustKeyboardBottomByDisplaySize: false currentDensityDpi: 420 defaultDensityDpi: 420 keyboardBottomToScreenPx: 0 keyboardBottomToNavBarPx: -126 navBarHeight: 126
02-26 13:13:31.998  1436  1436 I BaseKeyboardSizeHelper: BaseKeyboardSizeHelper.calculateMaxKeyboardBodyHeight():73 leave 281 height for app when ime window height:2156, header height:116 and isFullscreenMode:false, so the max keyboard body height is:1759
02-26 13:13:31.998  1436  1436 I BaseKeyboardSizeHelper: BaseKeyboardSizeHelper.calculateMaxKeyboardBodyHeight():73 leave 281 height for app when ime window height:2156, header height:116 and isFullscreenMode:false, so the max keyboard body height is:1759
02-26 13:13:31.998  1436  1436 I BaseKeyboardSizeHelper: BaseKeyboardSizeHelper.calculateMaxKeyboardBodyHeight():73 leave 281 height for app when ime window height:2156, header height:116 and isFullscreenMode:false, so the max keyboard body height is:1759
02-26 13:13:31.998  1436  1436 I BaseKeyboardSizeHelper: BaseKeyboardSizeHelper.calculateMaxKeyboardBodyHeight():73 leave 281 height for app when ime window height:2156, header height:116 and isFullscreenMode:false, so the max keyboard body height is:1759
02-26 13:13:31.998  1436  1436 W NormalModeController: NormalModeController.adjustKeyboardBodyHeightRatio():214 Invalid height ratio from decoder -1.000000!
02-26 13:13:31.998  1436  1436 W ExtensionWrapper: ExtensionWrapper.setExtensionViewVisibility():863 interface msq is not activate
02-26 13:13:32.001  1436  1436 I Module  : DeviceLockedStatusModuleProvider$Module.updateDeviceLockedStatus():103 repeatCheckTimes = 1, locked = false
02-26 13:13:32.001  1436  1436 I HardKeyTracker: HardKeyTracker.unregisterKeySequence():221 Unregister key sequence nys{labelResId=2132020505, callback=ctw@53b0b56, lastModifier=2, keyCodes=[56], actions=[0]}
02-26 13:13:32.001  1436  1436 I HardKeyTracker: HardKeyTracker.unregisterKeySequence():221 Unregister key sequence nys{labelResId=2132020505, callback=ctw@21c37d7, lastModifier=0, keyCodes=[317], actions=[0]}
02-26 13:13:32.001  1436  1436 I HardKeyTracker: HardKeyTracker.registerKeySequence():170 Register key sequence nys{labelResId=2132020505, callback=ctw@d891e42, lastModifier=2, keyCodes=[56], actions=[0]}
02-26 13:13:32.001  1436  1436 I HardKeyTracker: HardKeyTracker.registerKeySequence():170 Register key sequence nys{labelResId=2132020505, callback=ctw@3a62e53, lastModifier=0, keyCodes=[317], actions=[0]}
02-26 13:13:32.002  1436  1436 I VoiceImeExtension: VoiceImeExtension.shouldStartVoiceInputAutomaticallyInCurrentInputBox():384 No private IME option set to start voice input.
02-26 13:13:32.005  1436 26124 I SystemHapticSettings: SystemHapticSettings.updateSystemVibrationState():61 update vibration state: true
02-26 13:13:32.012  1436  1436 I KeyboardModeUtils: KeyboardModeUtils.getKeyboardBottomOffset():435 inch: 0.000000 ydpi: 420.000000 adjustKeyboardBottomByDisplaySize: false currentDensityDpi: 420 defaultDensityDpi: 420 keyboardBottomToScreenPx: 0 keyboardBottomToNavBarPx: -126 navBarHeight: 126
02-26 13:13:32.012  1436  1436 I BaseKeyboardSizeHelper: BaseKeyboardSizeHelper.calculateMaxKeyboardBodyHeight():73 leave 281 height for app when ime window height:2156, header height:116 and isFullscreenMode:false, so the max keyboard body height is:1759
02-26 13:13:32.013  1436  1436 I BaseKeyboardSizeHelper: BaseKeyboardSizeHelper.calculateMaxKeyboardBodyHeight():73 leave 281 height for app when ime window height:2156, header height:116 and isFullscreenMode:false, so the max keyboard body height is:1759
02-26 13:13:32.035 26687 26687 D UiControllerImpl: Injecting string: "Toronto"
02-26 13:13:32.037  1436  1436 I GoogleInputMethodService: GoogleInputMethodService$1.onKeyboardViewShown():323 onKeyboardViewShown: keyboardType=prime, keyboardViewType=HEADER keyboardView=com.google.android.libraries.inputmethod.widgets.SoftKeyboardView{3858ffc V.E...... ........ 0,0-1080,116}
02-26 13:13:32.038  1436  1436 I BaseKeyboardSizeHelper: BaseKeyboardSizeHelper.calculateMaxKeyboardBodyHeight():73 leave 281 height for app when ime window height:2156, header height:116 and isFullscreenMode:false, so the max keyboard body height is:1759
02-26 13:13:32.039  1436  1436 I GoogleInputMethodService: GoogleInputMethodService$1.onKeyboardViewShown():323 onKeyboardViewShown: keyboardType=prime, keyboardViewType=BODY keyboardView=com.google.android.libraries.inputmethod.widgets.SoftKeyboardView{bc78045 V.E...... ........ 0,0-1080,641}
02-26 13:13:32.040  1436  1436 I BaseKeyboardSizeHelper: BaseKeyboardSizeHelper.calculateMaxKeyboardBodyHeight():73 leave 281 height for app when ime window height:2156, header height:116 and isFullscreenMode:false, so the max keyboard body height is:1759
02-26 13:13:32.040  1436  1436 I GlobeKeyExtension: GlobeKeyExtension$1.onKeyboardViewShown():72 maybeDisableLanguageSwitchKeyPref when the keyboard is shown
02-26 13:13:32.040 26687 26719 W InteractionJankMonitor: Initializing without READ_DEVICE_CONFIG permission. enabled=false, interval=1, missedFrameThreshold=3, frameTimeThreshold=64, package=com.example.androiduitesting
02-26 13:13:32.040  1436  1436 I GlobeKeyExtension: GlobeKeyExtension.maybeDisableLanguageSwitchKeyPref():200 maybeDisableLanguageSwitchKeyPref hasGlobeKeyBeenDisabled: true, shouldDisableLanguageSwitchKey: true
02-26 13:13:32.040  1436  1436 I NewLanguagePromptExtension: NewLanguagePromptExtension$1.onKeyboardViewShown():98 Not show new language banner: no change in enabled input method entries
02-26 13:13:32.041  1436  1436 I DynamicLayoutHandler: DynamicLayoutHandler.loadDynamicKeys():92 This isn't a dynamic layout.
02-26 13:13:32.041  1436  2097 I Delight5Decoder: Delight5DecoderWrapper.setKeyboardLayout():536 setKeyboardLayout()
02-26 13:13:32.043  1436  1436 I KeyboardModeUtils: KeyboardModeUtils.getKeyboardBottomOffset():435 inch: 0.000000 ydpi: 420.000000 adjustKeyboardBottomByDisplaySize: false currentDensityDpi: 420 defaultDensityDpi: 420 keyboardBottomToScreenPx: 0 keyboardBottomToNavBarPx: -126 navBarHeight: 126
02-26 13:13:32.043  1436  1436 I BaseKeyboardSizeHelper: BaseKeyboardSizeHelper.calculateMaxKeyboardBodyHeight():73 leave 281 height for app when ime window height:2156, header height:116 and isFullscreenMode:false, so the max keyboard body height is:1759
02-26 13:13:32.043  1436  1436 I BaseKeyboardSizeHelper: BaseKeyboardSizeHelper.calculateMaxKeyboardBodyHeight():73 leave 281 height for app when ime window height:2156, header height:116 and isFullscreenMode:false, so the max keyboard body height is:1759
02-26 13:13:32.069  1436  1436 W HWUI    : Image decoding logging dropped!
02-26 13:13:32.072  1436  1436 I StylusModule: StylusModule.onUpdateToolType():799 Update tool type = 0
02-26 13:13:32.075  1436  1436 I KeyboardModeUtils: KeyboardModeUtils.getKeyboardBottomOffset():435 inch: 0.000000 ydpi: 420.000000 adjustKeyboardBottomByDisplaySize: false currentDensityDpi: 420 defaultDensityDpi: 420 keyboardBottomToScreenPx: 0 keyboardBottomToNavBarPx: -126 navBarHeight: 126
02-26 13:13:32.075  1436  1436 I BaseKeyboardSizeHelper: BaseKeyboardSizeHelper.calculateMaxKeyboardBodyHeight():73 leave 281 height for app when ime window height:2156, header height:116 and isFullscreenMode:false, so the max keyboard body height is:1759
02-26 13:13:32.075  1436  1436 I BaseKeyboardSizeHelper: BaseKeyboardSizeHelper.calculateMaxKeyboardBodyHeight():73 leave 281 height for app when ime window height:2156, header height:116 and isFullscreenMode:false, so the max keyboard body height is:1759
02-26 13:13:32.087  1436  1436 I Delight5Decoder: Delight5DecoderWrapper.setKeyboardLayout():536 setKeyboardLayout()
02-26 13:13:32.106  1436  1436 W TooltipLifecycleManager: TooltipLifecycleManager.dismissTooltips():153 Tooltip with id SUGGESTION_VIEW_EDU_MINI_DIALOG not found in tooltipManager.
02-26 13:13:32.107  1436  1436 W LatinPrimeKeyboard: LatinPrimeKeyboard.consumeEvent():389 consumeEvent() : UPDATE_DYNAMIC_KEYS, no dynamic layout
02-26 13:13:32.121  1436  1436 W AndroidSpellCheckerService: AndroidSpellCheckerService.initialize():72 initialize...
02-26 13:13:32.121  1436  1436 I ShortcutsDataManager: ShortcutsDataManager.onContentChanged():72 onContentChanged()
02-26 13:13:32.122  1436  1436 I ContactsDataManager: ContactsDataManager.onContentChanged():153 onContentChanged()
02-26 13:13:32.125  1436  1436 W AndroidSpellCheckerService: AndroidSpellCheckerService.initialize():82 initialize...done
02-26 13:13:32.126  1436  1436 W TooltipLifecycleManager: TooltipLifecycleManager.dismissTooltips():153 Tooltip with id spell_check_add_to_dictionary not found in tooltipManager.
02-26 13:13:32.128  1436 15101 I AndroidSpellCheckerService: AndroidSpellCheckerService.createSession():138 com.google.android.keyboard.client.delight5.LanguageIdentifier@20f8984 is created
02-26 13:13:32.151  1436  1436 W HWUI    : Image decoding logging dropped!
02-26 13:13:32.166  1436  1436 I KeyboardModeUtils: KeyboardModeUtils.getKeyboardBottomOffset():435 inch: 0.000000 ydpi: 420.000000 adjustKeyboardBottomByDisplaySize: false currentDensityDpi: 420 defaultDensityDpi: 420 keyboardBottomToScreenPx: 0 keyboardBottomToNavBarPx: -126 navBarHeight: 126
02-26 13:13:32.166  1436  1436 I BaseKeyboardSizeHelper: BaseKeyboardSizeHelper.calculateMaxKeyboardBodyHeight():73 leave 281 height for app when ime window height:2156, header height:116 and isFullscreenMode:false, so the max keyboard body height is:1759
02-26 13:13:32.166  1436  1436 I BaseKeyboardSizeHelper: BaseKeyboardSizeHelper.calculateMaxKeyboardBodyHeight():73 leave 281 height for app when ime window height:2156, header height:116 and isFullscreenMode:false, so the max keyboard body height is:1759
02-26 13:13:32.171  1436  1436 W TooltipLifecycleManager: TooltipLifecycleManager.dismissTooltips():153 Tooltip with id SUGGESTION_VIEW_EDU_MINI_DIALOG not found in tooltipManager.
02-26 13:13:32.191  1436  1436 W TooltipLifecycleManager: TooltipLifecycleManager.dismissTooltips():153 Tooltip with id SUGGESTION_VIEW_EDU_MINI_DIALOG not found in tooltipManager.
02-26 13:13:32.206  1436  1436 W TooltipLifecycleManager: TooltipLifecycleManager.dismissTooltips():153 Tooltip with id SUGGESTION_VIEW_EDU_MINI_DIALOG not found in tooltipManager.
02-26 13:13:32.226  1436  1436 W TooltipLifecycleManager: TooltipLifecycleManager.dismissTooltips():153 Tooltip with id SUGGESTION_VIEW_EDU_MINI_DIALOG not found in tooltipManager.
02-26 13:13:32.241  1436  1436 W TooltipLifecycleManager: TooltipLifecycleManager.dismissTooltips():153 Tooltip with id SUGGESTION_VIEW_EDU_MINI_DIALOG not found in tooltipManager.
02-26 13:13:32.253 26687 26687 I ImeTracker: com.example.androiduitesting:48e2c34e: onShown
02-26 13:13:32.259  1436  1436 W TooltipLifecycleManager: TooltipLifecycleManager.dismissTooltips():153 Tooltip with id SUGGESTION_VIEW_EDU_MINI_DIALOG not found in tooltipManager.
02-26 13:13:32.301  1436  2097 I native  : I0000 00:00:1772136812.300215    2097 input-context-store.cc:340] Ignoring stale client request for FetchSuggestions
02-26 13:13:32.304  1436  1436 W InputContextProxy: InputContextProxy.applyClientDiffInternal():933 Ignore [FetchSuggestions] diff due to stale request: 1398<1410, inputStateId=1240, lastInputStateId=1240
02-26 13:13:32.315  1436  1436 I KeyboardModeUtils: KeyboardModeUtils.getKeyboardBottomOffset():435 inch: 0.000000 ydpi: 420.000000 adjustKeyboardBottomByDisplaySize: false currentDensityDpi: 420 defaultDensityDpi: 420 keyboardBottomToScreenPx: 0 keyboardBottomToNavBarPx: -126 navBarHeight: 126
02-26 13:13:32.315  1436  1436 I BaseKeyboardSizeHelper: BaseKeyboardSizeHelper.calculateMaxKeyboardBodyHeight():73 leave 281 height for app when ime window height:2156, header height:116 and isFullscreenMode:false, so the max keyboard body height is:1759
02-26 13:13:32.315  1436  1436 I BaseKeyboardSizeHelper: BaseKeyboardSizeHelper.calculateMaxKeyboardBodyHeight():73 leave 281 height for app when ime window height:2156, header height:116 and isFullscreenMode:false, so the max keyboard body height is:1759
02-26 13:13:32.321 26687 26687 I ViewInteraction: Performing 'single click' action on view view.getId() is <2131230829/com.example.androiduitesting:id/button_confirm>
02-26 13:13:32.323 26722 26722 W dumpsys : Thread Pool max thread count is 0. Cannot cache binder as linkToDeath cannot be implemented. serviceName: package
02-26 13:13:32.377 24308 24661 I artd    : GetBestInfo: odex next to the dex file (/data/app/~~J_FyU4J1HdJ6BrhbvzEzqg==/com.google.android.gms-AUVDvsyWIySqlQiDtYukWg==/oat/arm64/base.odex) is kOatUpToDate with filter 'speed-profile' executable 'false'
02-26 13:13:32.387 24308 24661 I artd    : GetBestInfo: odex next to the dex file (/data/app/~~J_FyU4J1HdJ6BrhbvzEzqg==/com.google.android.gms-AUVDvsyWIySqlQiDtYukWg==/oat/arm64/split_AdsDynamite_installtime.odex) is kOatUpToDate with filter 'speed' executable 'false'
02-26 13:13:32.391 24308 24661 I artd    : GetBestInfo: odex next to the dex file (/data/app/~~J_FyU4J1HdJ6BrhbvzEzqg==/com.google.android.gms-AUVDvsyWIySqlQiDtYukWg==/oat/arm64/split_CronetDynamite_installtime.odex) is kOatUpToDate with filter 'speed-profile' executable 'false'
02-26 13:13:32.395   677   691 W AS.PlaybackActivityMon: No piid assigned for invalid/internal port id 15
02-26 13:13:32.396 24308 24661 I artd    : GetBestInfo: odex next to the dex file (/data/app/~~J_FyU4J1HdJ6BrhbvzEzqg==/com.google.android.gms-AUVDvsyWIySqlQiDtYukWg==/oat/arm64/split_DynamiteLoader_installtime.odex) is kOatUpToDate with filter 'speed' executable 'false'
02-26 13:13:32.404 24308 24661 I artd    : GetBestInfo: odex next to the dex file (/data/app/~~J_FyU4J1HdJ6BrhbvzEzqg==/com.google.android.gms-AUVDvsyWIySqlQiDtYukWg==/oat/arm64/split_DynamiteModulesA_installtime.odex) is kOatUpToDate with filter 'speed' executable 'false'
02-26 13:13:32.411 24308 24310 I artd    : GetBestInfo: odex next to the dex file (/data/app/~~J_FyU4J1HdJ6BrhbvzEzqg==/com.google.android.gms-AUVDvsyWIySqlQiDtYukWg==/oat/arm64/split_DynamiteModulesC_installtime.odex) is kOatUpToDate with filter 'speed' executable 'false'
02-26 13:13:32.416  1436  1436 I LatinIme: LatinIme.resetInputContext():2247 resetInputContext(): reason=5, externalEditsInfo=ExternalEditsInfo{action=0, offset=-1, text=null, originalText=null, edits=null}
02-26 13:13:32.416  1436  1436 I UndoStack: UndoStack.offer$mayClearStack():165 InputContext OTHER_TEXT_CHANGE with content updates to clear undo
02-26 13:13:32.417   492   617 D AudioFlinger: mixer(0xb400007a38de0770) throttle end: throttle time(33)
02-26 13:13:32.420 24308 24661 I artd    : GetBestInfo: odex next to the dex file (/data/app/~~J_FyU4J1HdJ6BrhbvzEzqg==/com.google.android.gms-AUVDvsyWIySqlQiDtYukWg==/oat/arm64/split_GoogleCertificates_installtime.odex) is kOatUpToDate with filter 'speed' executable 'false'
02-26 13:13:32.429 24308 24661 I artd    : GetBestInfo: odex next to the dex file (/data/app/~~J_FyU4J1HdJ6BrhbvzEzqg==/com.google.android.gms-AUVDvsyWIySqlQiDtYukWg==/oat/arm64/split_MapsDynamite_installtime.odex) is kOatUpToDate with filter 'speed' executable 'false'
02-26 13:13:32.432  1436  1436 I KeyboardModeUtils: KeyboardModeUtils.getKeyboardBottomOffset():435 inch: 0.000000 ydpi: 420.000000 adjustKeyboardBottomByDisplaySize: false currentDensityDpi: 420 defaultDensityDpi: 420 keyboardBottomToScreenPx: 0 keyboardBottomToNavBarPx: -126 navBarHeight: 126
02-26 13:13:32.433  1436  1436 I BaseKeyboardSizeHelper: BaseKeyboardSizeHelper.calculateMaxKeyboardBodyHeight():73 leave 281 height for app when ime window height:2156, header height:116 and isFullscreenMode:false, so the max keyboard body height is:1759
02-26 13:13:32.433  1436  1436 I BaseKeyboardSizeHelper: BaseKeyboardSizeHelper.calculateMaxKeyboardBodyHeight():73 leave 281 height for app when ime window height:2156, header height:116 and isFullscreenMode:false, so the max keyboard body height is:1759
02-26 13:13:32.433 24308 24661 I artd    : GetBestInfo: odex next to the dex file (/data/app/~~J_FyU4J1HdJ6BrhbvzEzqg==/com.google.android.gms-AUVDvsyWIySqlQiDtYukWg==/oat/arm64/split_MeasurementDynamite_installtime.odex) is kOatUpToDate with filter 'speed' executable 'false'
02-26 13:13:32.434 24308 24661 I artd    : GetBestInfo: /data/user_de/0/com.google.android.gms/app_chimera/m/00000001/CronetDynamite.apk has no usable artifacts
02-26 13:13:32.436 24308 24661 I artd    : GetBestInfo: /data/user/0/com.google.android.gms/app_dg_cache/86A13DB628665CCE468EC763B2421D69DCAC1B2A/the.apk has no usable artifacts
02-26 13:13:32.438 24308 24310 I artd    : GetBestInfo: /data/user_de/0/com.google.android.gms/app_chimera/m/00000002/DynamiteLoader.apk has no usable artifacts
