02-26 13:13:32.439 24308 24310 I artd    : GetBestInfo: /data/user/0/com.google.android.gms/app_dg_cache/A1442E7AF072B496CCB2C7DF6A5CEECC73356BBA/the.apk has no usable artifacts
02-26 13:13:32.440 24308 24310 I artd    : GetBestInfo: /data/user/0/com.google.android.gms/app_dg_cache/C24221A4B7075ED5AF0355455D6C2975E48FFECF/the.apk has no usable artifacts
02-26 13:13:32.440 24308 24310 I artd    : GetBestInfo: /data/user_de/0/com.google.android.gms/app_chimera/m/00000005/GoogleCertificates.apk has no usable artifacts
02-26 13:13:32.441 24308 24310 I artd    : GetBestInfo: /data/user/0/com.google.android.gms/app_dg_cache/4346EA85CDA1436041B029D54013FBB1AA13E134/the.apk has no usable artifacts
02-26 13:13:32.452 24308 24310 I artd    : GetBestInfo: /data/user_de/0/com.google.android.gms/app_chimera/m/00000009/dl-Appsearch.optional_250834100400.apk has no usable artifacts
02-26 13:13:32.453 24308 24310 I artd    : GetBestInfo: /data/user/0/com.google.android.gms/app_dg_cache/2DB167EF440159FF365B49D8B91441B1CFD017F9/the.apk has no usable artifacts
02-26 13:13:32.455 24308 24310 I artd    : GetBestInfo: /data/user_de/0/com.google.android.gms/app_chimera/m/00000010/dl-Appsearch.optional_254932100400.apk has no usable artifacts
02-26 13:13:32.457 24308 24310 I artd    : GetBestInfo: /data/user/0/com.google.android.gms/app_dg_cache/F6B993618D245C45CC8EA213FA039A5EB670AFCE/the.apk has no usable artifacts
02-26 13:13:32.459 24308 24310 I artd    : GetBestInfo: /data/user_de/0/com.google.android.gms/app_chimera/m/0000000f/dl-MlkitBarcodeUi.optional_254932100400.apk has no usable artifacts
02-26 13:13:32.464 24308 24310 I artd    : GetBestInfo: vdex next to the dex file (/data/user/0/com.google.android.gms/app_dg_cache/5F3BE511026BE02395273329794ABD31B995290B/oat/arm64/the.vdex) is kOatUpToDate with filter 'verify' executable 'false'
02-26 13:13:32.465 24308 24661 I artd    : GetBestInfo: /data/user_de/0/com.google.android.gms/app_chimera/m/00000012/dl-PlayCloudSearch.optional_254932100000.apk has no usable artifacts
02-26 13:13:32.469 24308 24661 I artd    : GetBestInfo: /data/user_de/0/com.google.android.gms/app_chimera/m/00000011/dl-TfliteDynamiteDynamite.integ_243930802100400.apk has no usable artifacts
02-26 13:13:32.472 24308 24661 I artd    : GetBestInfo: /data/user/0/com.google.android.gms/app_dg_cache/4D4DF502A6E701C413F45BA38DBF834F8D21F29F/the.apk has no usable artifacts
02-26 13:13:32.473 24308 24661 I artd    : GetBestInfo: /data/user/0/com.google.android.gms/app_dg_cache/F69F380742AF765C5688217890FC7C5272FF6A59/the.apk has no usable artifacts
02-26 13:13:32.473 24308 24661 I artd    : GetBestInfo: /data/user_de/0/com.google.android.gms/app_chimera/m/00000013/dl-MlkitOcrCommon.optional_254932100400.apk has no usable artifacts
02-26 13:13:32.476 24308 24661 I artd    : GetBestInfo: /data/user_de/0/com.google.android.gms/app_chimera/m/00000014/dl-VisionOcr.optional_254932100000.apk has no usable artifacts
02-26 13:13:32.480 24308 24661 I artd    : GetBestInfo: /data/user_de/0/com.google.android.gms/app_chimera/m/00000008/dl-TfliteDynamiteDynamite.integ_243930801100400.apk has no usable artifacts
02-26 13:13:32.481 24308 24661 I artd    : GetBestInfo: /data/user/0/com.google.android.gms/app_dg_cache/646DA7BE3AF9B756DEFD88CA7189FC9D7C55EC0F/the.apk has no usable artifacts
02-26 13:13:32.482 24308 24661 I artd    : GetBestInfo: /data/user_de/0/com.google.android.gms/app_chimera/m/0000000c/dl-MlkitBarcodeUi.optional_250834100400.apk has no usable artifacts
02-26 13:13:32.482 24308 24661 W artd    : Could not get dex checksums for location /data/app/~~FP9U_yCUAZqOTrG-3KC31w==/com.android.vending-3AJj_D3ryWU4fiHw4XpDSg==/base.apk, fd=-1
02-26 13:13:32.581  1436  1436 I KeyboardModeUtils: KeyboardModeUtils.getKeyboardBottomOffset():435 inch: 0.000000 ydpi: 420.000000 adjustKeyboardBottomByDisplaySize: false currentDensityDpi: 420 defaultDensityDpi: 420 keyboardBottomToScreenPx: 0 keyboardBottomToNavBarPx: -126 navBarHeight: 126
02-26 13:13:32.582  1436  1436 I BaseKeyboardSizeHelper: BaseKeyboardSizeHelper.calculateMaxKeyboardBodyHeight():73 leave 281 height for app when ime window height:2156, header height:116 and isFullscreenMode:false, so the max keyboard body height is:1759
02-26 13:13:32.582  1436  1436 I BaseKeyboardSizeHelper: BaseKeyboardSizeHelper.calculateMaxKeyboardBodyHeight():73 leave 281 height for app when ime window height:2156, header height:116 and isFullscreenMode:false, so the max keyboard body height is:1759
02-26 13:13:32.868 26687 26687 I ViewInteraction: Performing 'load adapter data' action on view view.getId() is <2131230846/com.example.androiduitesting:id/city_list>
02-26 13:13:32.885 26687 26687 I ViewInteraction: Performing 'single click' action on view  displaying data matching: is an instance of java.lang.String within adapter view matching: view.getId() is <2131230846/com.example.androiduitesting:id/city_list>
02-26 13:13:32.996   677  1925 V GrammaticalInflectionUtils: AttributionSource: android.content.AttributionSource@4c638ccf does not have READ_SYSTEM_GRAMMATICAL_GENDER permission.
02-26 13:13:32.997   677  2027 W AS.PlaybackActivityMon: No piid assigned for invalid/internal port id 15
02-26 13:13:33.000   500   553 I BpBinder: onLastStrongRef automatically unlinking death recipients:
02-26 13:13:33.006 26687 26687 D LifecycleMonitor: Lifecycle status change: com.example.androiduitesting.MainActivity@b00634a in: PAUSED
02-26 13:13:33.006 26687 26687 V ActivityScenario: Update currentActivityStage to PAUSED, currentActivity=com.example.androiduitesting.MainActivity@b00634a
02-26 13:13:33.014 26687 26687 D LifecycleMonitor: Lifecycle status change: com.example.androiduitesting.ShowActivity@304914d in: PRE_ON_CREATE
02-26 13:13:33.014 26687 26687 V ActivityScenario: Activity lifecycle changed event received but ignored because the intent does not match. startActivityIntent=Intent { act=android.intent.action.MAIN cat=[android.intent.category.LAUNCHER] flg=0x10008000 cmp=com.example.androiduitesting/.MainActivity }, activity.getIntent()=Intent { xflg=0x4 cmp=com.example.androiduitesting/.ShowActivity (has extras) }, activity=com.example.androiduitesting.ShowActivity@304914d
02-26 13:13:33.015   500   500 I BpBinder: onLastStrongRef automatically unlinking death recipients:
02-26 13:13:33.020 26687 26687 D LifecycleMonitor: Lifecycle status change: com.example.androiduitesting.ShowActivity@304914d in: CREATED
02-26 13:13:33.020 26687 26687 V ActivityScenario: Activity lifecycle changed event received but ignored because the intent does not match. startActivityIntent=Intent { act=android.intent.action.MAIN cat=[android.intent.category.LAUNCHER] flg=0x10008000 cmp=com.example.androiduitesting/.MainActivity }, activity.getIntent()=Intent { xflg=0x4 cmp=com.example.androiduitesting/.ShowActivity (has extras) }, activity=com.example.androiduitesting.ShowActivity@304914d
02-26 13:13:33.021 26687 26687 D LifecycleMonitor: Lifecycle status change: com.example.androiduitesting.ShowActivity@304914d in: STARTED
02-26 13:13:33.021 26687 26687 V ActivityScenario: Activity lifecycle changed event received but ignored because the intent does not match. startActivityIntent=Intent { act=android.intent.action.MAIN cat=[android.intent.category.LAUNCHER] flg=0x10008000 cmp=com.example.androiduitesting/.MainActivity }, activity.getIntent()=Intent { xflg=0x4 cmp=com.example.androiduitesting/.ShowActivity (has extras) }, activity=com.example.androiduitesting.ShowActivity@304914d
02-26 13:13:33.021 26687 26687 D LifecycleMonitor: Lifecycle status change: com.example.androiduitesting.ShowActivity@304914d in: RESUMED
02-26 13:13:33.021 26687 26687 V ActivityScenario: Activity lifecycle changed event received but ignored because the intent does not match. startActivityIntent=Intent { act=android.intent.action.MAIN cat=[android.intent.category.LAUNCHER] flg=0x10008000 cmp=com.example.androiduitesting/.MainActivity }, activity.getIntent()=Intent { xflg=0x4 cmp=com.example.androiduitesting/.ShowActivity (has extras) }, activity=com.example.androiduitesting.ShowActivity@304914d
02-26 13:13:33.057   677   696 I ActivityTaskManager: Displayed com.example.androiduitesting/.ShowActivity for user 0: +60ms
02-26 13:13:33.067   677   700 I ImeTracker: system_server:2678906f: onRequestShow at ORIGIN_SERVER reason CONTROLS_CHANGED fromUser false
02-26 13:13:33.091 26687 26687 I ImeTracker: system_server:2678906f: onCancelled at PHASE_CLIENT_ON_CONTROLS_CHANGED
02-26 13:13:33.157 26687 26687 W WindowOnBackDispatcher: sendCancelIfRunning: isInProgress=false callback=android.view.ImeBackAnimationController@6a7c542
02-26 13:13:33.160   677   795 I ImeTracker: com.example.androiduitesting:f1c8d1fb: onRequestHide at ORIGIN_SERVER reason HIDE_UNSPECIFIED_WINDOW fromUser false
02-26 13:13:33.161 26687 26687 D InsetsController: hide(ime(), fromIme=false)
02-26 13:13:33.161 26687 26687 I ImeTracker: com.example.androiduitesting:f1c8d1fb: onCancelled at PHASE_CLIENT_ALREADY_HIDDEN
02-26 13:13:33.163  1436  1436 I GoogleInputMethodService: GoogleInputMethodService.onFinishInputView():1577 onFinishInputView(true)
02-26 13:13:33.163  1436  1436 I GlobeKeyExtension: GlobeKeyExtension.onDeactivate():144
02-26 13:13:33.163  1436  1436 W TooltipLifecycleManager: TooltipLifecycleManager.dismissTooltips():153 Tooltip with id SUGGESTION_VIEW_EDU_MINI_DIALOG not found in tooltipManager.
02-26 13:13:33.163  1436  1436 I VoiceInputManagerWrapper: VoiceInputManagerWrapper.shutdown():131 shutdown()
02-26 13:13:33.164   677   691 I ImeTracker: system_server:8074656e: onRequestHide at ORIGIN_SERVER reason IME_REQUESTED_CHANGED_LISTENER fromUser false
02-26 13:13:33.166  1436  1436 W TooltipLifecycleManager: TooltipLifecycleManager.dismissTooltips():153 Tooltip with id spell_check_add_to_dictionary not found in tooltipManager.
02-26 13:13:33.166  1436  1436 I InputBundle: InputBundle.consumeEvent():1033 Skip consuming an event as keyboard status is INACTIVE
02-26 13:13:33.169  1436  1436 I AndroidIME: AbstractIme.onDeactivate():213 LatinIme.onDeactivate()
02-26 13:13:33.174  1436  2092 W ModuleManager: ModuleManager.loadModule():572 Module our is not available
02-26 13:13:33.177  1436  1436 I PrimesLoggerHolder: FrameMetricServiceImpl.stopAsFuture():239 Measurement not found: OnConfigurationChanged
02-26 13:13:33.177  1436  1436 I GoogleInputMethodService: GoogleInputMethodService.onFinishInput():2092
02-26 13:13:33.178  1436  1436 I Module  : DeviceLockedStatusModuleProvider$Module.updateDeviceLockedStatus():103 repeatCheckTimes = 0, locked = false
02-26 13:13:33.179  1436  1436 I GoogleInputMethodService: GoogleInputMethodService.onStartInput():1349 onStartInput(EditorInfo{EditorInfo{packageName=com.example.androiduitesting, inputType=0, inputTypeString=NULL, enableLearning=false, autoCorrection=false, autoComplete=false, imeOptions=0, privateImeOptions=null, actionName=UNSPECIFIED, actionLabel=null, initialSelStart=-1, initialSelEnd=-1, initialCapsMode=0, label=null, fieldId=0, fieldName=null, extras=null, hintText=null, hintLocales=[]}}, false)
02-26 13:13:33.179  1436  1436 I Module  : DeviceLockedStatusModuleProvider$Module.updateDeviceLockedStatus():103 repeatCheckTimes = 1, locked = false
02-26 13:13:33.179  1436  1436 I GoogleInputMethodService: GoogleInputMethodService.onStartInputView():1447 onStartInputView(EditorInfo{EditorInfo{packageName=com.example.androiduitesting, inputType=0, inputTypeString=NULL, enableLearning=false, autoCorrection=false, autoComplete=false, imeOptions=0, privateImeOptions=null, actionName=UNSPECIFIED, actionLabel=null, initialSelStart=-1, initialSelEnd=-1, initialCapsMode=0, label=null, fieldId=0, fieldName=null, extras=null, hintText=null, hintLocales=[]}}, false)
02-26 13:13:33.180  1436  1436 I KeyboardHeightUtil: KeyboardHeightUtil.getOemKeyboardHeightRatio():81 systemKeyboardHeightRatio:1.000000.
02-26 13:13:33.183   677   700 I ImeTracker: system_server:a353931f: onRequestShow at ORIGIN_SERVER reason CONTROLS_CHANGED fromUser false
02-26 13:13:33.186  1436  2092 I OnDeviceWmrCalculator: OnDeviceWmrCalculator.calculateWmr():94 WMR: 0.0000 (0 / 1)
02-26 13:13:33.190 26687 26687 W WindowOnBackDispatcher: sendCancelIfRunning: isInProgress=false callback=android.view.ImeBackAnimationController@6ad3112
02-26 13:13:33.190 26687 26687 W RemoteInputConnectionImpl: requestCursorUpdates on inactive InputConnection
02-26 13:13:33.193 26687 26687 I ImeTracker: system_server:a353931f: onCancelled at PHASE_CLIENT_ON_CONTROLS_CHANGED
02-26 13:13:33.195  1436  1436 I InputContextChangeTracker: InputContextChangeTracker.fixLyingSelectionRangeFromSurroundingText():1678 fixLyingSelectionRangeFromSurroundingText(): [-1, -1]([-1, -1]) -> [0, 0]([0, 0])
02-26 13:13:33.195  1436  1436 I AndroidIME: InputBundleManager.loadActiveInputBundleId():528 loadActiveInputBundleId: und-Latn-x-password, password
02-26 13:13:33.195  1436  1436 I AndroidIME: AbstractIme.onActivate():95 PasswordIme.onActivate() : EditorInfo = EditorInfo{packageName=com.example.androiduitesting, inputType=0, inputTypeString=NULL, enableLearning=false, autoCorrection=false, autoComplete=false, imeOptions=0, privateImeOptions=null, actionName=UNSPECIFIED, actionLabel=null, initialSelStart=-1, initialSelEnd=-1, initialCapsMode=0, label=null, fieldId=0, fieldName=null, extras=null, hintText=null, hintLocales=[]}, IncognitoMode = false, DeviceLocked = false
02-26 13:13:33.195  1436  1436 I KeyboardWrapper: KeyboardWrapper.activateKeyboard():582 activateKeyboard(): type=prime, status=INACTIVE, imeDef=nch{stringId=password, language=und-Latn-x-password, languageTag=und-Latn-x-password, processedConditions={writing_helper_enable_by_word_revert=false, variant=qwerty, true=true, language=en-US, enable_number_row=true, device=phone, enable_number_row_in_password=true, enable_pk_simulator=false}, className=com.google.android.libraries.inputmethod.ime.password.PasswordIme, label=2132019326, keyEventInterpreter=null, inlineComposing=true, autoCapital=true, announceAutoSelectedCandidate=true, statusIcon=0, indicatorIcon=0, indicatorLabel=null, displayAppCompletions=false, extraValues=nca{}, processors=nea@b492b10, unacceptableMetaKeys=4098, languageSpecificSettings=0, asciiCapable=false, alwaysShowSuggestions=false, useAsciiPasswordKeyboard=false, keyboardGroupDef=ndj@69a8b03, phenotypeFlagId=0, localizationLanguageTag=null, supportsInlineSuggestion=false}
02-26 13:13:33.195  1436  1436 I KeyboardManager: KeyboardManager.requestKeyboard():249 Creating keyboard prime, imeId=password, cacheKey=theme,!gsf,!pgsans,!pgsf,!use_system_font,BORDER,EXPRESSION_PAPERCUTS_V2,FLAVOR_DPI=XXHDPI,IS_LIGHT,KEYBOARD_WIDTH_CATEGORY=NORMAL,KEY_BORDER_SHAPE=1,LIGHT_THEME=true,PHYSICAL_DIAGONAL=6.0111027,POPUP,SCREEN_SHORTEST_WIDTH=411,SCREEN_SHORTEST_WIDTH_NO_SCALE=411,SW400DP,XXHDPI,bottom4dp,enable_popup_on_keypress=true,keyboard_redesign_google_sans=true,non_linear_scale,noshadow,overlay_builtin_dynamic_color_light_base.binarypb:gm3-light-fffaf8ff-ff475d92-87d434d32166529e119fd721558bc641,silkpopup,use_expression_papercuts_v2_colors=true
02-26 13:13:33.196  1436  1436 I KeyboardWrapper: KeyboardWrapper.onKeyboardReady():224 onKeyboardReady(): type=prime(prime), kb=com.google.android.apps.inputmethod.latin.keyboard.LatinPasswordKeyboard@4b2bbf6
02-26 13:13:33.196  1436  1436 I KeyboardWrapper: KeyboardWrapper.doActivateKeyboard():612 doActivateKeyboard(): prime
02-26 13:13:33.200  1436  1436 I BaseKeyboardSizeHelper: BaseKeyboardSizeHelper.calculateMaxKeyboardBodyHeight():73 leave 281 height for app when ime window height:2156, header height:116 and isFullscreenMode:false, so the max keyboard body height is:1759
02-26 13:13:33.200  1436  1436 W TooltipLifecycleManager: TooltipLifecycleManager.dismissTooltips():153 Tooltip with id undo_access_point_promotion_banner not found in tooltipManager.
02-26 13:13:33.204  1436  1436 I KeyboardModeUtils: KeyboardModeUtils.getKeyboardBottomOffset():435 inch: 0.000000 ydpi: 420.000000 adjustKeyboardBottomByDisplaySize: false currentDensityDpi: 420 defaultDensityDpi: 420 keyboardBottomToScreenPx: 0 keyboardBottomToNavBarPx: -126 navBarHeight: 126
02-26 13:13:33.204  1436  1436 I BaseKeyboardSizeHelper: BaseKeyboardSizeHelper.calculateMaxKeyboardBodyHeight():73 leave 281 height for app when ime window height:2156, header height:116 and isFullscreenMode:false, so the max keyboard body height is:1759
02-26 13:13:33.204  1436  1436 I BaseKeyboardSizeHelper: BaseKeyboardSizeHelper.calculateMaxKeyboardBodyHeight():73 leave 281 height for app when ime window height:2156, header height:116 and isFullscreenMode:false, so the max keyboard body height is:1759
02-26 13:13:33.204  1436  1436 I BaseKeyboardSizeHelper: BaseKeyboardSizeHelper.calculateMaxKeyboardBodyHeight():73 leave 281 height for app when ime window height:2156, header height:116 and isFullscreenMode:false, so the max keyboard body height is:1759
02-26 13:13:33.204  1436  1436 I BaseKeyboardSizeHelper: BaseKeyboardSizeHelper.calculateMaxKeyboardBodyHeight():73 leave 281 height for app when ime window height:2156, header height:116 and isFullscreenMode:false, so the max keyboard body height is:1759
02-26 13:13:33.204  1436  1436 I GlobeKeyExtension: GlobeKeyExtension.getKeyboardInitialStates():175
02-26 13:13:33.205  1436  1436 W Keyboard: Keyboard.getKeyboardViewHelper():604 null helper is returned: keyboardDef=ndb{processedConditions={show_comma_key=true, enable_more_candidates_view_for_multilingual=false, layout_9key_split=false, enable_secondary_symbols=false, pref_enable_flick_symbols=false, language=en-US, deprecate_long_press_space_for_ime_picker=false, show_suggestion_strip=true, expressions=normal, android_software_xr_api_spatial=false, variant=qwerty, show_period_key=true, enable_number_row=true, device=phone, keyboard_mode=normal, show_secondary_digits=false, enable_preemptive_decode=true, enable_pk_simulator=false}, globalConditions={global_theme_key=theme,!gsf,!pgsans,!pgsf,!use_system_font,BORDER,EXPRESSION_PAPERCUTS_V2,FLAVOR_DPI=XXHDPI,IS_LIGHT,KEYBOARD_WIDTH_CATEGORY=NORMAL,KEY_BORDER_SHAPE=1,LIGHT_THEME=true,PHYSICAL_DIAGONAL=6.0111027,POPUP,SCREEN_SHORTEST_WIDTH=411,SCREEN_SHORTEST_WIDTH_NO_SCALE=411,SW400DP,XXHDPI,bottom4dp,enable_popup_on_keypress=true,keyboard_redesign_google_sans=true,non_linear_scale,noshadow,overlay_builtin_dynamic_color_light_base.binarypb:gm3-light-fffaf8ff-ff475d92-87d434d32166529e119fd721558bc641,silkpopup,use_expression_papercuts_v2_colors=true, global_locale=en_US, global_density_dpi=420, global_orientation=1}, className=.latin.keyboard.LatinPasswordKeyboard, resourceIds=[#0x7f1705ff, #0x7f170891, #0x7f1706bf], initialStates=0, keyboardViewDefs=[ndr{direction=null, id=#0x7f0b0227, isScalable=true, layoutId=#0x7f0e02b2, type=BODY, touchable=true, defaultShow=true}, ndr{direction=null, id=#0x7f0b0227, isScalable=false, layoutId=#0x7f0e020e, type=FLOATING_CANDIDATES, touchable=false, defaultShow=false}, ndr{direction=LOCALE, id=#0x7f0b0227, isScalable=false, layoutId=#0x7f0e0514, type=HEADER, touchable=true, defaultShow=true}], persistentStates=0, persistentStatesPrefKey=null, popupBubbleLayoutId=#0x7f0e0602, recentKeyLayoutId=#0x0, recentKeyPopupLayoutId=#0x0, recentKeyType=null, rememberRecentKey=NONE, sessionStates=17592186044419}, type=WIDGET, helpersCreated={HEADER=mpl@ea0a12d, BODY=mpl@14e8662, FLOATING_CANDIDATES=mpl@d2d43f3}, context.getResources().getConfiguration(): {1.0 310mcc260mnc [en_US] ldltr sw411dp w411dp h923dp 420dpi nrml long port finger qwerty/v/v dpad/v winConfig={ mBounds=Rect(0, 0 - 1080, 2424) mAppBounds=Rect(0, 0 - 1080, 2424) mMaxBounds=Rect(0, 0 - 1080, 2424) mDisplayRotation=ROTATION_0 mWindowingMode=fullscreen mActivityType=undefined mAlwaysOnTop=undefined mRotation=ROTATION_0} as.4 s.34 fontWeightAdjustment=0}
02-26 13:13:33.207  1436  1436 I BaseKeyboardSizeHelper: BaseKeyboardSizeHelper.calculateMaxKeyboardBodyHeight():73 leave 281 height for app when ime window height:2156, header height:116 and isFullscreenMode:false, so the max keyboard body height is:1759
02-26 13:13:33.208  1436  1436 I AndroidIME: InputBundleManager.startInput():358 startInput() with ndn[keyboardType=prime, payload=null]
02-26 13:13:33.208  1436  1436 I GlobeKeyExtension: GlobeKeyExtension.onActivate():120
02-26 13:13:33.208  1436  1436 I NewLanguagePromptExtension: NewLanguagePromptExtension.onActivate():189 Not activated NewLanguagePromptExtension: not a normal text input box.
02-26 13:13:33.208  1436  1436 I HardKeyTracker: HardKeyTracker.unregisterKeySequence():221 Unregister key sequence nys{labelResId=2132020505, callback=ctw@4b01c51, lastModifier=2, keyCodes=[56], actions=[0]}
02-26 13:13:33.208  1436  1436 I HardKeyTracker: HardKeyTracker.unregisterKeySequence():221 Unregister key sequence nys{labelResId=2132020505, callback=ctw@f42ecb6, lastModifier=0, keyCodes=[317], actions=[0]}
02-26 13:13:33.208  1436  1436 I HardKeyTracker: HardKeyTracker.registerKeySequence():170 Register key sequence nys{labelResId=2132020505, callback=ctw@de918c6, lastModifier=2, keyCodes=[56], actions=[0]}
02-26 13:13:33.208  1436  1436 I HardKeyTracker: HardKeyTracker.registerKeySequence():170 Register key sequence nys{labelResId=2132020505, callback=ctw@f01087, lastModifier=0, keyCodes=[317], actions=[0]}
02-26 13:13:33.208  1436  1436 I VoiceInputManagerWrapper: VoiceInputManagerWrapper.cancelShutdown():109 cancelShutdown()
02-26 13:13:33.208  1436  1436 I VoiceInputManagerWrapper: VoiceInputManagerWrapper.syncLanguagePacks():121 syncLanguagePacks()
02-26 13:13:33.208  1436  1436 I VoiceInputManager: VoiceInputManager.onKeyboardActivated():1213 onKeyboardActivated() [UD]
02-26 13:13:33.209  1436  5813 I SpeechFactory: SpeechRecognitionFactory.maybeScheduleAutoPackDownloadForFallback():217 maybeScheduleAutoPackDownloadForFallback()
02-26 13:13:33.209  1436  5813 I FallbackOnDeviceRecognitionProvider: FallbackOnDeviceRecognitionProvider.maybeScheduleAutoPackDownload():205 maybeScheduleAutoPackDownload() for language tag en-US
02-26 13:13:33.209  1436  1436 I PkModeUpdater: PkModeUpdater.onActivate():74 onActivate false false
02-26 13:13:33.209  1436  1436 I PkModeUpdater: PkModeUpdater.onActivate():76 disable Pk Mode = true entry = mje{languageTag=en-US, variant=qwerty, hasLocalizedResources=true, conditionCacheKey=_android_software_xr_api_spatial=false_app_first_start_timestamp=1767738033820_cache_additional_ime_defs_for_condition_change=false_cache_ime_defs_for_condition_change=false_deprecate_long_press_space_for_ime_picker=false_device=phone_device_size=default_enable_content_suggestion_scroll_away_in_medium=true_enable_content_suggestion_scroll_away_in_small=true_enable_more_candidates_view_for_multilingual=false_enable_number_row=false_enable_number_row_in_password=true_enable_pk_simulator=false_enable_pk_simulator_setting=false_enable_preemptive_decode=true_enable_scrub_move=true_enable_secondary_digits=true_enable_secondary_symbols=false_expressions=normal_four_or_more_letter_rows=false_keyboard_mode=normal_language=en-US_layout_9key_split=false_orientation=portrait_physical_keyboard=qwerty_pk_simulator_vk_ready=false_pref_enable_flick_symbols=false_rtl_layout=false_show_comma_key=true_show_period_key=true_show_secondary_digits=true_show_suggestion_strip=true_show_suggestions=true_split_with_duplicate_keys=true_true=true_variant=qwerty_writing_helper_enable_by_word_revert=false, imeDef.stringId=ime_english_united_states, imeDef.className=com.google.android.apps.inputmethod.libs.latin5.LatinIme, imeDef.languageTag=en-US} editorInfo = android.view.inputmethod.EditorInfo@3b213dd
02-26 13:13:33.209  1436  1436 I AccessoryInputModeManager: AccessoryInputModeManager.onModeStarted():321 Accessory input mode started: null
02-26 13:13:33.209  1436  1436 W SupplementaryKeyboardsWrapper: SupplementaryKeyboardsWrapper.deactivateKeyboard():162 keyboard accessory_candidates_consumer is not activated before!
02-26 13:13:33.212  1436  1436 I KeyboardModeUtils: KeyboardModeUtils.getKeyboardBottomOffset():435 inch: 0.000000 ydpi: 420.000000 adjustKeyboardBottomByDisplaySize: false currentDensityDpi: 420 defaultDensityDpi: 420 keyboardBottomToScreenPx: 0 keyboardBottomToNavBarPx: -126 navBarHeight: 126
02-26 13:13:33.212  1436  1436 I BaseKeyboardSizeHelper: BaseKeyboardSizeHelper.calculateMaxKeyboardBodyHeight():73 leave 281 height for app when ime window height:2156, header height:116 and isFullscreenMode:false, so the max keyboard body height is:1759
02-26 13:13:33.212  1436  1436 I BaseKeyboardSizeHelper: BaseKeyboardSizeHelper.calculateMaxKeyboardBodyHeight():73 leave 281 height for app when ime window height:2156, header height:116 and isFullscreenMode:false, so the max keyboard body height is:1759
02-26 13:13:33.212  1436  1436 I BaseKeyboardSizeHelper: BaseKeyboardSizeHelper.calculateMaxKeyboardBodyHeight():73 leave 281 height for app when ime window height:2156, header height:116 and isFullscreenMode:false, so the max keyboard body height is:1759
02-26 13:13:33.212  1436  1436 I BaseKeyboardSizeHelper: BaseKeyboardSizeHelper.calculateMaxKeyboardBodyHeight():73 leave 281 height for app when ime window height:2156, header height:116 and isFullscreenMode:false, so the max keyboard body height is:1759
02-26 13:13:33.212  1436  1436 W NormalModeController: NormalModeController.adjustKeyboardBodyHeightRatio():214 Invalid height ratio from decoder -1.000000!
02-26 13:13:33.212  1436  1436 W ExtensionWrapper: ExtensionWrapper.setExtensionViewVisibility():863 interface msq is not activate
02-26 13:13:33.214  1436  1436 I Module  : DeviceLockedStatusModuleProvider$Module.updateDeviceLockedStatus():103 repeatCheckTimes = 1, locked = false
02-26 13:13:33.215  1436  1436 I HardKeyTracker: HardKeyTracker.unregisterKeySequence():221 Unregister key sequence nys{labelResId=2132020505, callback=ctw@d891e42, lastModifier=2, keyCodes=[56], actions=[0]}
02-26 13:13:33.215  1436  1436 I HardKeyTracker: HardKeyTracker.unregisterKeySequence():221 Unregister key sequence nys{labelResId=2132020505, callback=ctw@3a62e53, lastModifier=0, keyCodes=[317], actions=[0]}
02-26 13:13:33.215  1436  1436 I HardKeyTracker: HardKeyTracker.registerKeySequence():170 Register key sequence nys{labelResId=2132020505, callback=ctw@3b32e23, lastModifier=2, keyCodes=[56], actions=[0]}
02-26 13:13:33.215  1436  1436 I HardKeyTracker: HardKeyTracker.registerKeySequence():170 Register key sequence nys{labelResId=2132020505, callback=ctw@d6b7f20, lastModifier=0, keyCodes=[317], actions=[0]}
02-26 13:13:33.220  1436  1436 I VoiceImeExtension: VoiceImeExtension.shouldStartVoiceInputAutomaticallyInCurrentInputBox():384 No private IME option set to start voice input.
02-26 13:13:33.221  1436 26124 I SystemHapticSettings: SystemHapticSettings.updateSystemVibrationState():61 update vibration state: true
02-26 13:13:33.225  1436  1436 I KeyboardModeUtils: KeyboardModeUtils.getKeyboardBottomOffset():435 inch: 0.000000 ydpi: 420.000000 adjustKeyboardBottomByDisplaySize: false currentDensityDpi: 420 defaultDensityDpi: 420 keyboardBottomToScreenPx: 0 keyboardBottomToNavBarPx: -126 navBarHeight: 126
02-26 13:13:33.225  1436  1436 I BaseKeyboardSizeHelper: BaseKeyboardSizeHelper.calculateMaxKeyboardBodyHeight():73 leave 281 height for app when ime window height:2156, header height:116 and isFullscreenMode:false, so the max keyboard body height is:1759
02-26 13:13:33.225  1436  1436 I BaseKeyboardSizeHelper: BaseKeyboardSizeHelper.calculateMaxKeyboardBodyHeight():73 leave 281 height for app when ime window height:2156, header height:116 and isFullscreenMode:false, so the max keyboard body height is:1759
02-26 13:13:33.230  1436  1436 I ShortcutsDataManager: AbstractContentDataManager.startImportContentTask():241 startImportContentTask()
02-26 13:13:33.235  1436  1436 I GoogleInputMethodService: GoogleInputMethodService.onFinishInputView():1577 onFinishInputView(false)
02-26 13:13:33.235  1436  1436 I GlobeKeyExtension: GlobeKeyExtension.onDeactivate():144
02-26 13:13:33.236  1436  1436 W TooltipLifecycleManager: TooltipLifecycleManager.dismissTooltips():153 Tooltip with id SUGGESTION_VIEW_EDU_MINI_DIALOG not found in tooltipManager.
02-26 13:13:33.236  1436  1436 I VoiceInputManagerWrapper: VoiceInputManagerWrapper.shutdown():131 shutdown()
02-26 13:13:33.236  1436  1436 W TooltipLifecycleManager: TooltipLifecycleManager.dismissTooltips():153 Tooltip with id spell_check_add_to_dictionary not found in tooltipManager.
02-26 13:13:33.236  1436  1436 I AndroidIME: AbstractIme.onDeactivate():213 PasswordIme.onDeactivate()
02-26 13:13:33.237  1436  1436 I PrimesLoggerHolder: FrameMetricServiceImpl.stopAsFuture():239 Measurement not found: OnConfigurationChanged
02-26 13:13:33.238  1436  1436 I ImeTracker: system_server:8074656e: onHidden
02-26 13:13:33.238 26687 26687 W WindowOnBackDispatcher: sendCancelIfRunning: isInProgress=false callback=android.view.ImeBackAnimationController@6ad3112
02-26 13:13:33.240  1436  1436 I GoogleInputMethodService: GoogleInputMethodService$1.onKeyboardViewShown():323 onKeyboardViewShown: keyboardType=prime, keyboardViewType=HEADER keyboardView=com.google.android.libraries.inputmethod.widgets.SoftKeyboardView{8e0b28a V.E...... ......ID 0,0-1080,116}
02-26 13:13:33.240  1436  1436 I BaseKeyboardSizeHelper: BaseKeyboardSizeHelper.calculateMaxKeyboardBodyHeight():73 leave 281 height for app when ime window height:2156, header height:116 and isFullscreenMode:false, so the max keyboard body height is:1759
02-26 13:13:33.242  1436  1436 I GoogleInputMethodService: GoogleInputMethodService$1.onKeyboardViewShown():323 onKeyboardViewShown: keyboardType=prime, keyboardViewType=BODY keyboardView=com.google.android.libraries.inputmethod.widgets.SoftKeyboardView{556ac33 V.E...... ........ 0,0-1080,764}
02-26 13:13:33.242  1436  1436 I BaseKeyboardSizeHelper: BaseKeyboardSizeHelper.calculateMaxKeyboardBodyHeight():73 leave 281 height for app when ime window height:2156, header height:116 and isFullscreenMode:false, so the max keyboard body height is:1759
02-26 13:13:33.242  1436  1436 I GlobeKeyExtension: GlobeKeyExtension$1.onKeyboardViewShown():72 maybeDisableLanguageSwitchKeyPref when the keyboard is shown
02-26 13:13:33.242  1436  1436 I GlobeKeyExtension: GlobeKeyExtension.maybeDisableLanguageSwitchKeyPref():200 maybeDisableLanguageSwitchKeyPref hasGlobeKeyBeenDisabled: true, shouldDisableLanguageSwitchKey: true
02-26 13:13:33.242  1436  1436 I NewLanguagePromptExtension: NewLanguagePromptExtension$1.onKeyboardViewShown():88 Not show new language banner: not prime keyboard, or the extension not activated.
02-26 13:13:33.243  1436  1436 I KeyboardModeUtils: KeyboardModeUtils.getKeyboardBottomOffset():435 inch: 0.000000 ydpi: 420.000000 adjustKeyboardBottomByDisplaySize: false currentDensityDpi: 420 defaultDensityDpi: 420 keyboardBottomToScreenPx: 0 keyboardBottomToNavBarPx: -126 navBarHeight: 126
02-26 13:13:33.243  1436  1436 I BaseKeyboardSizeHelper: BaseKeyboardSizeHelper.calculateMaxKeyboardBodyHeight():73 leave 281 height for app when ime window height:2156, header height:116 and isFullscreenMode:false, so the max keyboard body height is:1759
02-26 13:13:33.243  1436  1436 I BaseKeyboardSizeHelper: BaseKeyboardSizeHelper.calculateMaxKeyboardBodyHeight():73 leave 281 height for app when ime window height:2156, header height:116 and isFullscreenMode:false, so the max keyboard body height is:1759
02-26 13:13:33.244  1436  2109 I ShortcutsDataManager: AbstractContentDataManager$ImportContentTask.doInBackground():257 doInBackground()
02-26 13:13:33.245  1436  2109 I PersonalDictionaryDataHandler: PersonalDictionaryDataHandler.beginProcess():114 LanguageTags = [en-US]
02-26 13:13:33.261  1436  2109 I ShortcutsDataManager: AbstractContentDataManager.importRecords():348 importRecords() : Success : Count = 0
02-26 13:13:33.263 26687 26687 I ViewInteraction: Performing 'single click' action on view view.getId() is <2131230825/com.example.androiduitesting:id/buttonBack>
02-26 13:13:33.271  1436  2109 I ShortcutsDataManager: AbstractContentDataManager.importContentData():297 importContentData() : Ending import process
02-26 13:13:33.272  1436  2097 I Delight5Decoder: Delight5DecoderWrapper.unloadLanguageModel():972 unloadLanguageModel() : 4, version [n/a]
02-26 13:13:33.290  1436  2109 I PersonalLanguageModelUpdater: PersonalLanguageModelUpdater$UpdateOperation.performInternal():165 run() : Added 0 words and 0 shortcuts
02-26 13:13:33.290  1436  2109 I DynamicLanguageModelOperation: DynamicLanguageModelOperation.perform():43 perform() : 4 : eqj : Completed
02-26 13:13:33.290  1436  2097 I Delight5Decoder: Delight5DecoderWrapper.loadLanguageModel():759 loadLanguageModel() : 4, version [n/a]
02-26 13:13:33.290  1436  1436 I ShortcutsDataManager: AbstractContentDataManager$ImportContentTask.onPostExecute():268 onPostExecute() : Result = [2,0]
02-26 13:13:33.290  1436  1436 I ShortcutsDataManager: ShortcutsDataManager.onImportFinished():82 onImportFinished() : Result = 2 : Count = 0
02-26 13:13:33.290  1436  2097 I Delight5Decoder: Delight5DecoderWrapper.loadLanguageModel():804 Loaded dynamic LM 4.en
02-26 13:13:33.308   677   687 I system_server: Background concurrent mark compact GC freed 25MB AllocSpace bytes, 42(1204KB) LOS objects, 40% free, 35MB/59MB, paused 2.640ms,1.199ms total 147.023ms
02-26 13:13:33.310   677   691 W AS.PlaybackActivityMon: No piid assigned for invalid/internal port id 15
02-26 13:13:33.311   500  1151 I BpBinder: onLastStrongRef automatically unlinking death recipients:
02-26 13:13:33.313 26687 26687 D LifecycleMonitor: Lifecycle status change: com.example.androiduitesting.ShowActivity@304914d in: PAUSED
02-26 13:13:33.313 26687 26687 V ActivityScenario: Activity lifecycle changed event received but ignored because the intent does not match. startActivityIntent=Intent { act=android.intent.action.MAIN cat=[android.intent.category.LAUNCHER] flg=0x10008000 cmp=com.example.androiduitesting/.MainActivity }, activity.getIntent()=Intent { xflg=0x4 cmp=com.example.androiduitesting/.ShowActivity (has extras) }, activity=com.example.androiduitesting.ShowActivity@304914d
02-26 13:13:33.323   677   689 W System  : A resource failed to call release.
02-26 13:13:33.324   677   689 W System  : A resource failed to call HardwareBuffer.close.
02-26 13:13:33.329 26687 26687 D LifecycleMonitor: Lifecycle status change: com.example.androiduitesting.MainActivity@b00634a in: RESUMED
02-26 13:13:33.329 26687 26687 V ActivityScenario: Update currentActivityStage to RESUMED, currentActivity=com.example.androiduitesting.MainActivity@b00634a
02-26 13:13:33.336   677   700 I ImeTracker: system_server:7d2ea72d: onRequestShow at ORIGIN_SERVER reason CONTROLS_CHANGED fromUser false
02-26 13:13:33.338 26687 26687 I ImeTracker: system_server:7d2ea72d: onCancelled at PHASE_CLIENT_ON_CONTROLS_CHANGED
02-26 13:13:33.371   677   795 I ImeTracker: com.example.androiduitesting:a8a3162f: onRequestHide at ORIGIN_SERVER reason HIDE_UNSPECIFIED_WINDOW fromUser false
02-26 13:13:33.373 26687 26687 D InsetsController: hide(ime(), fromIme=false)
02-26 13:13:33.373   677   691 I ImeTracker: com.example.androiduitesting:a8a3162f: onFailed at PHASE_SERVER_UPDATE_CLIENT_VISIBILITY
02-26 13:13:33.374  1436  1436 I GoogleInputMethodService: GoogleInputMethodService.onFinishInput():2092
02-26 13:13:33.375   677  1258 I ImeTracker: system_server:d12b4d7a: onRequestHide at ORIGIN_SERVER reason IME_REQUESTED_CHANGED_LISTENER fromUser false
02-26 13:13:33.375  1436  1436 I Module  : DeviceLockedStatusModuleProvider$Module.updateDeviceLockedStatus():103 repeatCheckTimes = 0, locked = false
02-26 13:13:33.375   677   699 I ImeTracker: system_server:d12b4d7a: onCancelled at PHASE_SERVER_SHOULD_HIDE
02-26 13:13:33.376  1436  1436 I GoogleInputMethodService: GoogleInputMethodService.onStartInput():1349 onStartInput(EditorInfo{EditorInfo{packageName=com.example.androiduitesting, inputType=0, inputTypeString=NULL, enableLearning=false, autoCorrection=false, autoComplete=false, imeOptions=0, privateImeOptions=null, actionName=UNSPECIFIED, actionLabel=null, initialSelStart=-1, initialSelEnd=-1, initialCapsMode=0, label=null, fieldId=0, fieldName=null, extras=null, hintText=null, hintLocales=[]}}, false)
02-26 13:13:33.376  1436  1436 I Module  : DeviceLockedStatusModuleProvider$Module.updateDeviceLockedStatus():103 repeatCheckTimes = 1, locked = false
02-26 13:13:33.398   677   700 I ImeTracker: system_server:bf484e82: onRequestShow at ORIGIN_SERVER reason CONTROLS_CHANGED fromUser false
02-26 13:13:33.406 26687 26687 I ImeTracker: system_server:bf484e82: onCancelled at PHASE_CLIENT_ON_CONTROLS_CHANGED
02-26 13:13:33.554 26687 26687 I ViewInteraction: Checking 'MatchesViewAssertion{viewMatcher=(view has effective visibility <VISIBLE> and view.getGlobalVisibleRect() to return non-empty rectangle)}' assertion on view view.getId() is <2131230846/com.example.androiduitesting:id/city_list>
02-26 13:13:33.559   677   691 I system_server: AssetManager2(0xb400007332b51658) locale list changing from [] to [en-US]
02-26 13:13:33.559   677   691 V GrammaticalInflectionUtils: AttributionSource: android.content.AttributionSource@4e18656e does not have READ_SYSTEM_GRAMMATICAL_GENDER permission.
02-26 13:13:33.563   500   895 I BpBinder: onLastStrongRef automatically unlinking death recipients:
02-26 13:13:33.567   923  1074 I ndroid.systemui: AssetManager2(0xb400007332a8bef8) locale list changing from [] to [en-US]
02-26 13:13:33.571   677   699 V GrammaticalInflectionUtils: AttributionSource: android.content.AttributionSource@4e18656e does not have READ_SYSTEM_GRAMMATICAL_GENDER permission.
02-26 13:13:33.572 26687 26687 D LifecycleMonitor: Lifecycle status change: com.example.androiduitesting.MainActivity@b00634a in: PAUSED
02-26 13:13:33.572 26687 26687 V ActivityScenario: Update currentActivityStage to PAUSED, currentActivity=com.example.androiduitesting.MainActivity@b00634a
02-26 13:13:33.575   590   664 W IPCThreadState: Sending oneway calls to frozen process.
02-26 13:13:33.575   590   664 W IPCThreadState: Sending oneway calls to frozen process.
02-26 13:13:33.575   590   664 W IPCThreadState: Sending oneway calls to frozen process.
02-26 13:13:33.579   450   450 D Zygote  : Forked child process 26727
02-26 13:13:33.592 26727 26727 I duitesting.test: Late-enabling -Xcheck:jni
02-26 13:13:33.611 26727 26727 I duitesting.test: Using CollectorTypeCMC GC.
02-26 13:13:33.617 26727 26727 D nativeloader: Load libframework-connectivity-tiramisu-jni.so using APEX ns com_android_tethering for caller /apex/com.android.tethering/javalib/framework-connectivity-t.jar: ok
02-26 13:13:33.618   505   548 I adbd    : jdwp connection from 26727
02-26 13:13:33.625   677   700 I ImeTracker: system_server:30f457c5: onRequestShow at ORIGIN_SERVER reason CONTROLS_CHANGED fromUser false
02-26 13:13:33.641 26727 26727 I ActivityThread: Relaunch all activities: onCoreSettingsChange
02-26 13:13:33.642 26687 26687 I ImeTracker: system_server:30f457c5: onCancelled at PHASE_CLIENT_ON_CONTROLS_CHANGED
02-26 13:13:33.642 26687 26687 D VRI[ShowActivity]: visibilityChanged oldVisibility=true newVisibility=false
02-26 13:13:33.648   471 14951 I RanchuHwc: logCompositionFallbackIfChanged: layer 470 CompositionType fallback from 3 to 1
02-26 13:13:33.650   677   796 I system_server: AssetManager2(0xb400007332b0d3b8) locale list changing from [] to [en-US]
02-26 13:13:33.656 26687 26702 D HWUI    : endAllActiveAnimators on 0xb4000072c2aa54c0 (RippleDrawable) with handle 0xb400007312ac0d50
02-26 13:13:33.657   677   796 I system_server: AssetManager2(0xb400007332a9a638) locale list changing from [] to [en-US]
02-26 13:13:33.660   677   833 D InetDiagMessage: Destroyed 0 sockets, proto=IPPROTO_TCP, family=AF_INET, states=14
02-26 13:13:33.661   677   833 D InetDiagMessage: Destroyed 0 sockets, proto=IPPROTO_TCP, family=AF_INET6, states=14
02-26 13:13:33.661   677   833 D InetDiagMessage: Destroyed live tcp sockets for uids={10200} in 0ms
02-26 13:13:33.661   677   833 D InetDiagMessage: Destroyed 0 sockets, proto=IPPROTO_TCP, family=AF_INET, states=14
02-26 13:13:33.661   677   833 D InetDiagMessage: Destroyed 0 sockets, proto=IPPROTO_TCP, family=AF_INET6, states=14
02-26 13:13:33.661   677   833 D InetDiagMessage: Destroyed live tcp sockets for uids={20200} in 0ms
02-26 13:13:33.695 26727 26727 D nativeloader: Configuring clns-9 for other apk /data/app/~~TWFUmFfr6u-KC-roVC8C2A==/com.example.androiduitesting.test-COiC4chiL-diJGpCMXA7LQ==/base.apk. target_sdk_version=33, uses_libraries=, library_path=/data/app/~~TWFUmFfr6u-KC-roVC8C2A==/com.example.androiduitesting.test-COiC4chiL-diJGpCMXA7LQ==/lib/arm64, permitted_path=/data:/mnt/expand:/data/user/0/com.example.androiduitesting.test
02-26 13:13:33.701 26727 26727 I duitesting.test: AssetManager2(0xb400007332a7f0b8) locale list changing from [] to [en-US]
02-26 13:13:33.710 26727 26727 V GraphicsEnvironment: Currently set values for:
02-26 13:13:33.710 26727 26727 V GraphicsEnvironment:   angle_gl_driver_selection_pkgs=[]
02-26 13:13:33.710 26727 26727 V GraphicsEnvironment:   angle_gl_driver_selection_values=[]
02-26 13:13:33.710 26727 26727 V GraphicsEnvironment: com.example.androiduitesting.test is not listed in per-application setting
02-26 13:13:33.710 26727 26727 V GraphicsEnvironment: ANGLE allowlist from config: com.dreamgames.royalmatch com.dts.freefiremax com.dxx.firenow com.gramgames.mergedragons com.ludo.king com.mojang.minecraftpe com.my.defense com.nintendo.zaka com.os.airforce com.playrix.fishdomdd.gplay io.teslatech.callbreak jp.konami.prospia net.peakgames.toonblast
02-26 13:13:33.710 26727 26727 V GraphicsEnvironment: com.example.androiduitesting.test is not listed in ANGLE allowlist or settings, returning default
02-26 13:13:33.710 26727 26727 V GraphicsEnvironment: Neither updatable production driver nor prerelease driver is supported.
02-26 13:13:33.731 26727 26727 I duitesting.test: AssetManager2(0xb400007332a80058) locale list changing from [] to [en-US]
02-26 13:13:33.741 26727 26727 E ashmem  : Pinning is deprecated since Android Q. Please use trim or other methods.
02-26 13:13:33.748 26727 26727 E duitesting.test: Invalid resource ID 0x00000000.
02-26 13:13:33.748  1436  1436 W TooltipLifecycleManager: TooltipLifecycleManager.dismissTooltips():153 Tooltip with id undo_access_point_promotion_banner not found in tooltipManager.
02-26 13:13:33.758 26727 26727 D DesktopModeFlags: Toggle override initialized to: OVERRIDE_UNSET
02-26 13:13:33.758   677   691 I ImeTracker: system_server:9a110290: onRequestHide at ORIGIN_SERVER reason IME_REQUESTED_CHANGED_LISTENER fromUser false
02-26 13:13:33.763  1436  1436 I KeyboardModeUtils: KeyboardModeUtils.getKeyboardBottomOffset():435 inch: 0.000000 ydpi: 420.000000 adjustKeyboardBottomByDisplaySize: false currentDensityDpi: 420 defaultDensityDpi: 420 keyboardBottomToScreenPx: 0 keyboardBottomToNavBarPx: -126 navBarHeight: 126
02-26 13:13:33.763  1436  1436 I BaseKeyboardSizeHelper: BaseKeyboardSizeHelper.calculateMaxKeyboardBodyHeight():73 leave 281 height for app when ime window height:2156, header height:116 and isFullscreenMode:false, so the max keyboard body height is:1759
02-26 13:13:33.763  1436  1436 I BaseKeyboardSizeHelper: BaseKeyboardSizeHelper.calculateMaxKeyboardBodyHeight():73 leave 281 height for app when ime window height:2156, header height:116 and isFullscreenMode:false, so the max keyboard body height is:1759
02-26 13:13:33.763   677   699 I ImeTracker: system_server:9a110290: onCancelled at PHASE_SERVER_SHOULD_HIDE
02-26 13:13:33.776 26727 26741 I EGL_emulation: Opening libGLESv1_CM_emulation.so
02-26 13:13:33.776 26727 26741 I EGL_emulation: Opening libGLESv2_emulation.so
02-26 13:13:33.784 26727 26741 W HWUI    : Failed to choose config with EGL_SWAP_BEHAVIOR_PRESERVED, retrying without...
02-26 13:13:33.784 26727 26741 W HWUI    : Failed to initialize 101010-2 format, error = EGL_SUCCESS
02-26 13:13:33.798 26727 26727 W HWUI    : Unknown dataspace 0
02-26 13:13:33.816   500  1151 I BpBinder: onLastStrongRef automatically unlinking death recipients:
02-26 13:13:33.827   500  1151 W ServiceManagerCppClient: Permission failure: android.permission.ACCESS_SURFACE_FLINGER from uid=10232 pid=0
02-26 13:13:33.828   500  1151 D PermissionCache: checking android.permission.ACCESS_SURFACE_FLINGER for uid=10232 => denied (446 us)
02-26 13:13:33.828   500   895 W ServiceManagerCppClient: Permission failure: android.permission.ACCESS_SURFACE_FLINGER from uid=10232 pid=26727
02-26 13:13:33.828   500   895 D PermissionCache: checking android.permission.ACCESS_SURFACE_FLINGER for uid=10232 => denied (281 us)
02-26 13:13:33.828   500   895 W ServiceManagerCppClient: Permission failure: android.permission.ROTATE_SURFACE_FLINGER from uid=10232 pid=26727
02-26 13:13:33.828   500   895 D PermissionCache: checking android.permission.ROTATE_SURFACE_FLINGER for uid=10232 => denied (29 us)
02-26 13:13:33.828   500   895 W ServiceManagerCppClient: Permission failure: android.permission.INTERNAL_SYSTEM_WINDOW from uid=10232 pid=26727
02-26 13:13:33.828   500   895 D PermissionCache: checking android.permission.INTERNAL_SYSTEM_WINDOW for uid=10232 => denied (175 us)
02-26 13:13:33.828   500  1151 W ServiceManagerCppClient: Permission failure: android.permission.ROTATE_SURFACE_FLINGER from uid=10232 pid=0
02-26 13:13:33.828   500  1151 D PermissionCache: checking android.permission.ROTATE_SURFACE_FLINGER for uid=10232 => denied (356 us)
02-26 13:13:33.852   677   691 W ServiceManagerCppClient: Permission failure: android.permission.ACCESS_SURFACE_FLINGER from uid=10232 pid=0
02-26 13:13:33.852   677   691 D PermissionCache: checking android.permission.ACCESS_SURFACE_FLINGER for uid=10232 => denied (123 us)
02-26 13:13:33.852   677   691 W ServiceManagerCppClient: Permission failure: android.permission.ROTATE_SURFACE_FLINGER from uid=10232 pid=0
02-26 13:13:33.852   677   691 D PermissionCache: checking android.permission.ROTATE_SURFACE_FLINGER for uid=10232 => denied (16 us)
02-26 13:13:33.852   677   691 W ServiceManagerCppClient: Permission failure: android.permission.INTERNAL_SYSTEM_WINDOW from uid=10232 pid=0
02-26 13:13:33.852   677   691 D PermissionCache: checking android.permission.INTERNAL_SYSTEM_WINDOW for uid=10232 => denied (12 us)
02-26 13:13:33.858  1070  1070 D ViewRootImpl: Skipping stats log for color mode
02-26 13:13:33.858 26687 26687 D LifecycleMonitor: Lifecycle status change: com.example.androiduitesting.ShowActivity@304914d in: STOPPED
02-26 13:13:33.858 26687 26687 V ActivityScenario: Activity lifecycle changed event received but ignored because the intent does not match. startActivityIntent=Intent { act=android.intent.action.MAIN cat=[android.intent.category.LAUNCHER] flg=0x10008000 cmp=com.example.androiduitesting/.MainActivity }, activity.getIntent()=Intent { xflg=0x4 cmp=com.example.androiduitesting/.ShowActivity (has extras) }, activity=com.example.androiduitesting.ShowActivity@304914d
02-26 13:13:33.859  1070  1070 D StatsLog: LAUNCHER_ONRESUME
02-26 13:13:33.859 26687 26687 D LifecycleMonitor: Lifecycle status change: com.example.androiduitesting.ShowActivity@304914d in: DESTROYED
02-26 13:13:33.859 26687 26687 V ActivityScenario: Activity lifecycle changed event received but ignored because the intent does not match. startActivityIntent=Intent { act=android.intent.action.MAIN cat=[android.intent.category.LAUNCHER] flg=0x10008000 cmp=com.example.androiduitesting/.MainActivity }, activity.getIntent()=Intent { xflg=0x4 cmp=com.example.androiduitesting/.ShowActivity (has extras) }, activity=com.example.androiduitesting.ShowActivity@304914d
02-26 13:13:33.859 26687 26687 W WindowOnBackDispatcher: sendCancelIfRunning: isInProgress=false callback=android.view.ViewRootImpl$$ExternalSyntheticLambda13@a8984f3
02-26 13:13:33.865 26687 26687 D ViewRootImpl: Skipping stats log for color mode
02-26 13:13:33.865  1070  1070 D NexusLauncherModelDelegate: notifySmartspaceEvent: SmartspaceTargetEvent{mSmartspaceTarget=null, mSmartspaceActionId='null', mEventType=6}
02-26 13:13:33.866  1070  1070 D BaseDepthController: mSurface is null and mCurrentBlur is: 23
02-26 13:13:33.870  1070  1132 D QuickstepModelDelegate: notifyAppTargetEvent action=1 launchLocation=
02-26 13:13:33.871  1070  1070 D BaseDepthController: setSurface:
02-26 13:13:33.871  1070  1070 D BaseDepthController: 	mWaitingOnSurfaceValidity: false
02-26 13:13:33.871  1070  1070 D BaseDepthController: 	mBaseSurface: Surface(name=com.google.android.apps.nexuslauncher/com.google.android.apps.nexuslauncher.NexusLauncherActivity)/@0xb3126fe
02-26 13:13:33.885  1070  1070 I NotificationListener: Handling notification state refresh for android#0
02-26 13:13:33.894  1579  1759 I AiAiEcho: Predicting[0]:  [CONTEXT sampling_count=5 ]
02-26 13:13:33.894  1579  1759 I AiAiEcho: EchoTargets:
02-26 13:13:33.894  1579  1759 I AiAiEcho: Filtered by AiAi flag check:
02-26 13:13:33.894  1579  1759 I AiAiEcho: [CONTEXT ratelimit_period="10 SECONDS" ]
02-26 13:13:33.905  1579  1759 I AiAiEcho: #remoteViewsTwiddler: feature disabled.
02-26 13:13:33.910 26687 26687 D VRI[MainActivity]: visibilityChanged oldVisibility=true newVisibility=false
02-26 13:13:33.915 26687 26687 I AutofillManager: onInvisibleForAutofill(): expiringResponse
02-26 13:13:33.915 26687 26687 D LifecycleMonitor: Lifecycle status change: com.example.androiduitesting.MainActivity@b00634a in: STOPPED
02-26 13:13:33.915 26687 26687 V ActivityScenario: Update currentActivityStage to STOPPED, currentActivity=com.example.androiduitesting.MainActivity@b00634a
02-26 13:13:33.916 26687 26687 D LifecycleMonitor: Lifecycle status change: com.example.androiduitesting.MainActivity@b00634a in: DESTROYED
02-26 13:13:33.916 26687 26687 V ActivityScenario: Update currentActivityStage to DESTROYED, currentActivity=null
